#
# There is insufficient memory for the Java Runtime Environment to continue.
# Native memory allocation (malloc) failed to allocate 524288 bytes. Error detail: AllocateHeap
# Possible reasons:
#   The system is out of physical RAM or swap space
#   This process is running with CompressedOops enabled, and the Java Heap may be blocking the growth of the native heap
# Possible solutions:
#   Reduce memory load on the system
#   Increase physical memory or swap space
#   Check if swap backing store is full
#   Decrease Java heap size (-Xmx/-Xms)
#   Decrease number of Java threads
#   Decrease Java thread stack sizes (-Xss)
#   Set larger code cache with -XX:ReservedCodeCacheSize=
#   JVM is running with Unscaled Compressed Oops mode in which the Java heap is
#     placed in the first 4GB address space. The Java Heap base address is the
#     maximum limit for the native heap growth. Please use -XX:HeapBaseMinAddress
#     to set the Java Heap base and to place the Java Heap above 4GB virtual address.
# This output file may be truncated or incomplete.
#
#  Out of Memory Error (allocation.cpp:44), pid=14708, tid=24984
#
# JRE version: OpenJDK Runtime Environment (24.0.2+12) (build 24.0.2+12-54)
# Java VM: OpenJDK 64-Bit Server VM (24.0.2+12-54, mixed mode, emulated-client, sharing, tiered, compressed oops, compressed class ptrs, g1 gc, windows-amd64)
# No core dump will be written. Minidumps are not enabled by default on client versions of Windows
#

---------------  S U M M A R Y ------------

Command Line: -XX:TieredStopAtLevel=1 -Dspring.output.ansi.enabled=always -javaagent:E:\IntelliJ IDEA 2025.3.1\lib\idea_rt.jar=52618 -Dfile.encoding=UTF-8 -Dsun.stdout.encoding=UTF-8 -Dsun.stderr.encoding=UTF-8 com.KhoiCG.TMDT.TmdtApplication

Host: Intel(R) Core(TM) i5-10300H CPU @ 2.50GHz, 8 cores, 7G,  Windows 11 , 64 bit Build 26100 (10.0.26100.8328)
Time: Wed Jun  3 14:28:02 2026 SE Asia Standard Time elapsed time: 290.928706 seconds (0d 0h 4m 50s)

---------------  T H R E A D  ---------------

Current thread (0x0000025e7801b3b0):  JavaThread "Service Thread" daemon [_thread_in_vm, id=24984, stack(0x0000006d54100000,0x0000006d54200000) (1024K)]

Stack: [0x0000006d54100000,0x0000006d54200000]
Native frames: (J=compiled Java code, j=interpreted, Vv=VM code, C=native code)
V  [jvm.dll+0x730829]  (no source info available)
V  [jvm.dll+0x8d9da3]  (no source info available)
V  [jvm.dll+0x8dc28d]  (no source info available)
V  [jvm.dll+0x8dc903]  (no source info available)
V  [jvm.dll+0x2a9f56]  (no source info available)
V  [jvm.dll+0xbea27]  (no source info available)
V  [jvm.dll+0x7c9f10]  (no source info available)
V  [jvm.dll+0x840623]  (no source info available)
V  [jvm.dll+0x83fe2f]  (no source info available)
V  [jvm.dll+0x7a05b0]  (no source info available)
V  [jvm.dll+0x42f396]  (no source info available)
V  [jvm.dll+0x87d9eb]  (no source info available)
V  [jvm.dll+0x72ef45]  (no source info available)
C  [ucrtbase.dll+0x37b0]  (no source info available)
C  [KERNEL32.DLL+0x2e957]  (no source info available)
C  [ntdll.dll+0x427c]  (no source info available)

Lock stack of current Java thread (top to bottom):


---------------  P R O C E S S  ---------------

Threads class SMR info:
_java_thread_list=0x0000025e00c44ef0, length=55, elements={
0x0000025e78014250, 0x0000025e78014990, 0x0000025e78017d40, 0x0000025e78018870,
0x0000025e7801b3b0, 0x0000025e7801e020, 0x0000025e7804f9e0, 0x0000025e781b99e0,
0x0000025e787f3cb0, 0x0000025e787f43f0, 0x0000025e7e5ad600, 0x0000025e7e8dd650,
0x0000025e7e8df390, 0x0000025e7e8ddda0, 0x0000025e7e8dc7b0, 0x0000025e7e8dc060,
0x0000025e7e8dcf00, 0x0000025e7e8dec40, 0x0000025e00899e00, 0x0000025e0089c9e0,
0x0000025e0089aca0, 0x0000025e0089bb40, 0x0000025e0089a550, 0x0000025e0089c290,
0x0000025e0089d130, 0x0000025e0089d880, 0x0000025e0089dfd0, 0x0000025e0089e720,
0x0000025e0089b3f0, 0x0000025e008a0460, 0x0000025e0089ee70, 0x0000025e0089f5c0,
0x0000025e0089fd10, 0x0000025e008a0bb0, 0x0000025e008a1300, 0x0000025e00d6bfc0,
0x0000025e00d6b870, 0x0000025e00d6ce60, 0x0000025e00d6c710, 0x0000025e00d6d5b0,
0x0000025e00d6dd00, 0x0000025e00d6a9d0, 0x0000025e00d6e450, 0x0000025e00d6b120,
0x0000025e00d70190, 0x0000025e00d6eba0, 0x0000025e00d708e0, 0x0000025e00d71ed0,
0x0000025e00d6fa40, 0x0000025e00d6f2f0, 0x0000025e00d71030, 0x0000025e00d71780,
0x0000025e7d8a7c60, 0x0000025e7d8a99a0, 0x0000025e7d8a9250
}

Java Threads: ( => current thread )
  0x0000025e78014250 JavaThread "Reference Handler"          daemon [_thread_blocked, id=19824, stack(0x0000006d53d00000,0x0000006d53e00000) (1024K)]
  0x0000025e78014990 JavaThread "Finalizer"                  daemon [_thread_blocked, id=18556, stack(0x0000006d53e00000,0x0000006d53f00000) (1024K)]
  0x0000025e78017d40 JavaThread "Signal Dispatcher"          daemon [_thread_blocked, id=22028, stack(0x0000006d53f00000,0x0000006d54000000) (1024K)]
  0x0000025e78018870 JavaThread "Attach Listener"            daemon [_thread_blocked, id=25312, stack(0x0000006d54000000,0x0000006d54100000) (1024K)]
=>0x0000025e7801b3b0 JavaThread "Service Thread"             daemon [_thread_in_vm, id=24984, stack(0x0000006d54100000,0x0000006d54200000) (1024K)]
  0x0000025e7801e020 JavaThread "Monitor Deflation Thread"   daemon [_thread_blocked, id=11728, stack(0x0000006d54200000,0x0000006d54300000) (1024K)]
  0x0000025e7804f9e0 JavaThread "C1 CompilerThread0"         daemon [_thread_blocked, id=19676, stack(0x0000006d54300000,0x0000006d54400000) (1024K)]
  0x0000025e781b99e0 JavaThread "Common-Cleaner"             daemon [_thread_blocked, id=3188, stack(0x0000006d54500000,0x0000006d54600000) (1024K)]
  0x0000025e787f3cb0 JavaThread "Monitor Ctrl-Break"         daemon [_thread_in_native, id=19852, stack(0x0000006d54600000,0x0000006d54700000) (1024K)]
  0x0000025e787f43f0 JavaThread "Notification Thread"        daemon [_thread_blocked, id=21476, stack(0x0000006d54700000,0x0000006d54800000) (1024K)]
  0x0000025e7e5ad600 JavaThread "mysql-cj-abandoned-connection-cleanup" daemon [_thread_blocked, id=5944, stack(0x0000006d55400000,0x0000006d55500000) (1024K)]
  0x0000025e7e8dd650 JavaThread "HikariPool-1:housekeeper"   daemon [_thread_blocked, id=23872, stack(0x0000006d55600000,0x0000006d55700000) (1024K)]
  0x0000025e7e8df390 JavaThread "Catalina-utility-1"                [_thread_blocked, id=3796, stack(0x0000006d55800000,0x0000006d55900000) (1024K)]
  0x0000025e7e8ddda0 JavaThread "Catalina-utility-2"                [_thread_blocked, id=19724, stack(0x0000006d55900000,0x0000006d55a00000) (1024K)]
  0x0000025e7e8dc7b0 JavaThread "container-0"                       [_thread_blocked, id=17892, stack(0x0000006d55a00000,0x0000006d55b00000) (1024K)]
  0x0000025e7e8dc060 JavaThread "Jndi-Dns-address-change-listener" daemon [_thread_in_native, id=3600, stack(0x0000006d55b00000,0x0000006d55c00000) (1024K)]
  0x0000025e7e8dcf00 JavaThread "lettuce-timer-3-1"          daemon [_thread_blocked, id=16452, stack(0x0000006d55c00000,0x0000006d55d00000) (1024K)]
  0x0000025e7e8dec40 JavaThread "HttpClient-1-SelectorManager" daemon [_thread_in_native, id=23160, stack(0x0000006d55700000,0x0000006d55800000) (1024K)]
  0x0000025e00899e00 JavaThread "HttpClient-2-SelectorManager" daemon [_thread_in_native, id=9256, stack(0x0000006d55d00000,0x0000006d55e00000) (1024K)]
  0x0000025e0089c9e0 JavaThread "HttpClient-3-SelectorManager" daemon [_thread_in_native, id=25080, stack(0x0000006d55e00000,0x0000006d55f00000) (1024K)]
  0x0000025e0089aca0 JavaThread "HttpClient-4-SelectorManager" daemon [_thread_in_native, id=14920, stack(0x0000006d55f00000,0x0000006d56000000) (1024K)]
  0x0000025e0089bb40 JavaThread "HttpClient-5-SelectorManager" daemon [_thread_in_native, id=16200, stack(0x0000006d56000000,0x0000006d56100000) (1024K)]
  0x0000025e0089a550 JavaThread "File Watcher"               daemon [_thread_blocked, id=11576, stack(0x0000006d56100000,0x0000006d56200000) (1024K)]
  0x0000025e0089c290 JavaThread "http-nio-8080-exec-1"       daemon [_thread_blocked, id=11056, stack(0x0000006d56200000,0x0000006d56300000) (1024K)]
  0x0000025e0089d130 JavaThread "http-nio-8080-exec-2"       daemon [_thread_blocked, id=18708, stack(0x0000006d56300000,0x0000006d56400000) (1024K)]
  0x0000025e0089d880 JavaThread "http-nio-8080-exec-3"       daemon [_thread_blocked, id=8708, stack(0x0000006d56400000,0x0000006d56500000) (1024K)]
  0x0000025e0089dfd0 JavaThread "http-nio-8080-exec-4"       daemon [_thread_blocked, id=18520, stack(0x0000006d56500000,0x0000006d56600000) (1024K)]
  0x0000025e0089e720 JavaThread "http-nio-8080-exec-5"       daemon [_thread_blocked, id=22484, stack(0x0000006d56600000,0x0000006d56700000) (1024K)]
  0x0000025e0089b3f0 JavaThread "http-nio-8080-exec-6"       daemon [_thread_blocked, id=18932, stack(0x0000006d56700000,0x0000006d56800000) (1024K)]
  0x0000025e008a0460 JavaThread "http-nio-8080-exec-7"       daemon [_thread_blocked, id=13948, stack(0x0000006d56800000,0x0000006d56900000) (1024K)]
  0x0000025e0089ee70 JavaThread "http-nio-8080-exec-8"       daemon [_thread_blocked, id=14364, stack(0x0000006d56900000,0x0000006d56a00000) (1024K)]
  0x0000025e0089f5c0 JavaThread "http-nio-8080-exec-9"       daemon [_thread_blocked, id=7300, stack(0x0000006d56a00000,0x0000006d56b00000) (1024K)]
  0x0000025e0089fd10 JavaThread "http-nio-8080-exec-10"      daemon [_thread_blocked, id=15324, stack(0x0000006d56b00000,0x0000006d56c00000) (1024K)]
  0x0000025e008a0bb0 JavaThread "http-nio-8080-Poller"       daemon [_thread_in_native, id=20248, stack(0x0000006d56c00000,0x0000006d56d00000) (1024K)]
  0x0000025e008a1300 JavaThread "http-nio-8080-Acceptor"     daemon [_thread_in_native, id=2492, stack(0x0000006d56d00000,0x0000006d56e00000) (1024K)]
  0x0000025e00d6bfc0 JavaThread "ThreadPoolTaskScheduler-1"         [_thread_blocked, id=15812, stack(0x0000006d56e00000,0x0000006d56f00000) (1024K)]
  0x0000025e00d6b870 JavaThread "org.springframework.kafka.KafkaListenerEndpointContainer#1-retry-0-C-1"        [_thread_in_native, id=1264, stack(0x0000006d56f00000,0x0000006d57000000) (1024K)]
  0x0000025e00d6ce60 JavaThread "ThreadPoolTaskScheduler-1"         [_thread_blocked, id=23968, stack(0x0000006d57000000,0x0000006d57100000) (1024K)]
  0x0000025e00d6c710 JavaThread "org.springframework.kafka.KafkaListenerEndpointContainer#0-dlt-0-C-1"        [_thread_in_native, id=3212, stack(0x0000006d57100000,0x0000006d57200000) (1024K)]
  0x0000025e00d6d5b0 JavaThread "ThreadPoolTaskScheduler-1"         [_thread_blocked, id=2652, stack(0x0000006d57200000,0x0000006d57300000) (1024K)]
  0x0000025e00d6dd00 JavaThread "org.springframework.kafka.KafkaListenerEndpointContainer#1-dlt-0-C-1"        [_thread_in_native, id=16536, stack(0x0000006d57300000,0x0000006d57400000) (1024K)]
  0x0000025e00d6a9d0 JavaThread "kafka-coordinator-heartbeat-thread | email-service-retry" daemon [_thread_blocked, id=10772, stack(0x0000006d57400000,0x0000006d57500000) (1024K)]
  0x0000025e00d6e450 JavaThread "kafka-coordinator-heartbeat-thread | email-service-dlt" daemon [_thread_blocked, id=25788, stack(0x0000006d57500000,0x0000006d57600000) (1024K)]
  0x0000025e00d6b120 JavaThread "ThreadPoolTaskScheduler-1"         [_thread_blocked, id=24180, stack(0x0000006d57600000,0x0000006d57700000) (1024K)]
  0x0000025e00d70190 JavaThread "org.springframework.kafka.KafkaListenerEndpointContainer#0-0-C-1"        [_thread_in_native, id=13492, stack(0x0000006d57700000,0x0000006d57800000) (1024K)]
  0x0000025e00d6eba0 JavaThread "ThreadPoolTaskScheduler-1"         [_thread_blocked, id=18848, stack(0x0000006d57800000,0x0000006d57900000) (1024K)]
  0x0000025e00d708e0 JavaThread "org.springframework.kafka.KafkaListenerEndpointContainer#0-retry-0-C-1"        [_thread_in_native, id=9584, stack(0x0000006d57900000,0x0000006d57a00000) (1024K)]
  0x0000025e00d71ed0 JavaThread "ThreadPoolTaskScheduler-1"         [_thread_blocked, id=12844, stack(0x0000006d57a00000,0x0000006d57b00000) (1024K)]
  0x0000025e00d6fa40 JavaThread "org.springframework.kafka.KafkaListenerEndpointContainer#1-0-C-1"        [_thread_in_native, id=2964, stack(0x0000006d57b00000,0x0000006d57c00000) (1024K)]
  0x0000025e00d6f2f0 JavaThread "kafka-coordinator-heartbeat-thread | email-service-dlt" daemon [_thread_blocked, id=3220, stack(0x0000006d57c00000,0x0000006d57d00000) (1024K)]
  0x0000025e00d71030 JavaThread "scheduling-1"                      [_thread_blocked, id=4756, stack(0x0000006d57d00000,0x0000006d57e00000) (1024K)]
  0x0000025e00d71780 JavaThread "kafka-coordinator-heartbeat-thread | email-service-retry" daemon [_thread_blocked, id=13836, stack(0x0000006d54a00000,0x0000006d54b00000) (1024K)]
  0x0000025e7d8a7c60 JavaThread "DestroyJavaVM"                     [_thread_blocked, id=25404, stack(0x0000006d53500000,0x0000006d53600000) (1024K)]
  0x0000025e7d8a99a0 JavaThread "kafka-coordinator-heartbeat-thread | email-service" daemon [_thread_blocked, id=17024, stack(0x0000006d54900000,0x0000006d54a00000) (1024K)]
  0x0000025e7d8a9250 JavaThread "kafka-coordinator-heartbeat-thread | email-service" daemon [_thread_blocked, id=24096, stack(0x0000006d57e00000,0x0000006d57f00000) (1024K)]
Total: 55

Other Threads:
  0x0000025e78002580 VMThread "VM Thread"                           [id=19076, stack(0x0000006d53c00000,0x0000006d53d00000) (1024K)] _threads_hazard_ptr=0x0000025e00c44ef0
  0x0000025e3456ab10 WatcherThread "VM Periodic Task Thread"        [id=5084, stack(0x0000006d53b00000,0x0000006d53c00000) (1024K)]
  0x0000025e26293180 WorkerThread "GC Thread#0"                     [id=24280, stack(0x0000006d53600000,0x0000006d53700000) (1024K)]
  0x0000025e7d069900 WorkerThread "GC Thread#1"                     [id=2032, stack(0x0000006d54b00000,0x0000006d54c00000) (1024K)]
  0x0000025e7d069cb0 WorkerThread "GC Thread#2"                     [id=20632, stack(0x0000006d54c00000,0x0000006d54d00000) (1024K)]
  0x0000025e7d06a060 WorkerThread "GC Thread#3"                     [id=10660, stack(0x0000006d54d00000,0x0000006d54e00000) (1024K)]
  0x0000025e7d06a410 WorkerThread "GC Thread#4"                     [id=21516, stack(0x0000006d54e00000,0x0000006d54f00000) (1024K)]
  0x0000025e7d06bbd0 WorkerThread "GC Thread#5"                     [id=22696, stack(0x0000006d54f00000,0x0000006d55000000) (1024K)]
  0x0000025e789d60a0 WorkerThread "GC Thread#6"                     [id=11144, stack(0x0000006d55000000,0x0000006d55100000) (1024K)]
  0x0000025e789d6450 WorkerThread "GC Thread#7"                     [id=14012, stack(0x0000006d55200000,0x0000006d55300000) (1024K)]
  0x0000025e262a4bb0 ConcurrentGCThread "G1 Main Marker"            [id=25272, stack(0x0000006d53700000,0x0000006d53800000) (1024K)]
  0x0000025e344f3020 WorkerThread "G1 Conc#0"                       [id=10284, stack(0x0000006d53800000,0x0000006d53900000) (1024K)]
  0x0000025e7d95ef20 WorkerThread "G1 Conc#1"                       [id=19776, stack(0x0000006d55300000,0x0000006d55400000) (1024K)]
  0x0000025e3455a8f0 ConcurrentGCThread "G1 Refine#0"               [id=25768, stack(0x0000006d53900000,0x0000006d53a00000) (1024K)]
  0x0000025e3455b120 ConcurrentGCThread "G1 Service"                [id=15480, stack(0x0000006d53a00000,0x0000006d53b00000) (1024K)]
Total: 15

Threads with active compile tasks:
Total: 0

VM state: synchronizing (normal execution)

VM Mutex/Monitor currently owned by a thread:  ([mutex/lock_event])
[0x00007ffc54c844f0] Threads_lock - owner thread: 0x0000025e78002580
[0x00007ffc54c845f0] Heap_lock - owner thread: 0x0000025e262a4bb0

Heap address: 0x0000000082800000, size: 2008 MB, Compressed Oops mode: 32-bit

CDS archive(s) mapped at: [0x0000025e37000000-0x0000025e37d40000-0x0000025e37d40000), size 13893632, SharedBaseAddress: 0x0000025e37000000, ArchiveRelocationMode: 1.
Compressed class space mapped at: 0x0000025e38000000-0x0000025e78000000, reserved size: 1073741824
UseCompressedClassPointers 1, UseCompactObjectHeaders 0
Narrow klass pointer bits 32, Max shift 3
Narrow klass base: 0x0000025e37000000, Narrow klass shift: 0
Encoding Range: [0x0000025e37000000 - 0x0000025f37000000), (4294967296 bytes)
Klass Range:    [0x0000025e37000000 - 0x0000025e78000000), (1090519040 bytes)
Klass ID Range:  [8 - 1090519033) (1090519025)

GC Precious Log:
 CardTable entry size: 512
 Card Set container configuration: InlinePtr #cards 5 size 8 Array Of Cards #cards 10 size 36 Howl #buckets 4 coarsen threshold 1843 Howl Bitmap #cards 512 size 80 coarsen threshold 460 Card regions per heap region 1 cards per card region 2048
 CPUs: 8 total, 8 available
 Memory: 8029M
 Large Page Support: Disabled
 NUMA Support: Disabled
 Compressed Oops: Enabled (32-bit)
 Heap Region Size: 1M
 Heap Min Capacity: 8M
 Heap Initial Capacity: 126M
 Heap Max Capacity: 2008M
 Pre-touch: Disabled
 Parallel Workers: 8
 Concurrent Workers: 2
 Concurrent Refinement Workers: 8
 Periodic GC: Disabled

Heap:
 garbage-first heap   total reserved 2056192K, committed 178176K, used 73302K [0x0000000082800000, 0x0000000100000000)
  region size 1024K, 2 young (2048K), 1 survivors (1024K)
 Metaspace       used 113486K, committed 114688K, reserved 1179648K
  class space    used 13413K, committed 13888K, reserved 1048576K

Heap Regions: E=young(eden), S=young(survivor), O=old, HS=humongous(starts), HC=humongous(continues), CS=collection set, F=free, TAMS=top-at-mark-start, PB=parsable bottom
|   0|0x0000000082800000, 0x0000000082900000, 0x0000000082900000|100%|HS|  |TAMS 0x0000000082900000| PB 0x0000000082800000| Complete |  0
|   1|0x0000000082900000, 0x0000000082a00000, 0x0000000082a00000|100%|HS|  |TAMS 0x0000000082a00000| PB 0x0000000082900000| Complete |  0
|   2|0x0000000082a00000, 0x0000000082b00000, 0x0000000082b00000|100%| O|  |TAMS 0x0000000082b00000| PB 0x0000000082a00000| Untracked |  0
|   3|0x0000000082b00000, 0x0000000082c00000, 0x0000000082c00000|100%| O|  |TAMS 0x0000000082c00000| PB 0x0000000082b00000| Untracked |  0
|   4|0x0000000082c00000, 0x0000000082d00000, 0x0000000082d00000|100%| O|  |TAMS 0x0000000082d00000| PB 0x0000000082c00000| Untracked |  0
|   5|0x0000000082d00000, 0x0000000082e00000, 0x0000000082e00000|100%| O|  |TAMS 0x0000000082e00000| PB 0x0000000082d00000| Untracked |  0
|   6|0x0000000082e00000, 0x0000000082f00000, 0x0000000082f00000|100%| O|  |TAMS 0x0000000082f00000| PB 0x0000000082e00000| Untracked |  0
|   7|0x0000000082f00000, 0x0000000083000000, 0x0000000083000000|100%| O|  |TAMS 0x0000000083000000| PB 0x0000000082f00000| Untracked |  0
|   8|0x0000000083000000, 0x0000000083100000, 0x0000000083100000|100%| O|  |TAMS 0x0000000083100000| PB 0x0000000083000000| Untracked |  0
|   9|0x0000000083100000, 0x0000000083200000, 0x0000000083200000|100%| O|  |TAMS 0x0000000083200000| PB 0x0000000083100000| Untracked |  0
|  10|0x0000000083200000, 0x0000000083300000, 0x0000000083300000|100%| O|  |TAMS 0x0000000083300000| PB 0x0000000083200000| Untracked |  0
|  11|0x0000000083300000, 0x0000000083400000, 0x0000000083400000|100%| O|  |TAMS 0x0000000083400000| PB 0x0000000083300000| Untracked |  0
|  12|0x0000000083400000, 0x0000000083500000, 0x0000000083500000|100%| O|  |TAMS 0x0000000083500000| PB 0x0000000083400000| Untracked |  0
|  13|0x0000000083500000, 0x0000000083600000, 0x0000000083600000|100%| O|  |TAMS 0x0000000083600000| PB 0x0000000083500000| Untracked |  0
|  14|0x0000000083600000, 0x0000000083700000, 0x0000000083700000|100%| O|  |TAMS 0x0000000083700000| PB 0x0000000083600000| Untracked |  0
|  15|0x0000000083700000, 0x0000000083800000, 0x0000000083800000|100%| O|  |TAMS 0x0000000083800000| PB 0x0000000083700000| Untracked |  0
|  16|0x0000000083800000, 0x0000000083900000, 0x0000000083900000|100%| O|  |TAMS 0x0000000083900000| PB 0x0000000083800000| Untracked |  0
|  17|0x0000000083900000, 0x0000000083a00000, 0x0000000083a00000|100%| O|Cm|TAMS 0x0000000083a00000| PB 0x0000000083900000| Updating |  0
|  18|0x0000000083a00000, 0x0000000083b00000, 0x0000000083b00000|100%| O|  |TAMS 0x0000000083b00000| PB 0x0000000083a00000| Untracked |  0
|  19|0x0000000083b00000, 0x0000000083c00000, 0x0000000083c00000|100%| O|  |TAMS 0x0000000083c00000| PB 0x0000000083b00000| Untracked |  0
|  20|0x0000000083c00000, 0x0000000083d00000, 0x0000000083d00000|100%| O|  |TAMS 0x0000000083d00000| PB 0x0000000083c00000| Untracked |  0
|  21|0x0000000083d00000, 0x0000000083e00000, 0x0000000083e00000|100%| O|  |TAMS 0x0000000083e00000| PB 0x0000000083d00000| Untracked |  0
|  22|0x0000000083e00000, 0x0000000083f00000, 0x0000000083f00000|100%| O|  |TAMS 0x0000000083f00000| PB 0x0000000083e00000| Untracked |  0
|  23|0x0000000083f00000, 0x0000000084000000, 0x0000000084000000|100%| O|Cm|TAMS 0x0000000084000000| PB 0x0000000083f00000| Updating |  0
|  24|0x0000000084000000, 0x0000000084100000, 0x0000000084100000|100%| O|  |TAMS 0x0000000084100000| PB 0x0000000084000000| Untracked |  0
|  25|0x0000000084100000, 0x0000000084200000, 0x0000000084200000|100%| O|  |TAMS 0x0000000084200000| PB 0x0000000084100000| Untracked |  0
|  26|0x0000000084200000, 0x0000000084300000, 0x0000000084300000|100%| O|Cm|TAMS 0x0000000084300000| PB 0x0000000084200000| Updating |  0
|  27|0x0000000084300000, 0x0000000084400000, 0x0000000084400000|100%| O|Cm|TAMS 0x0000000084400000| PB 0x0000000084300000| Updating |  0
|  28|0x0000000084400000, 0x0000000084500000, 0x0000000084500000|100%| O|Cm|TAMS 0x0000000084500000| PB 0x0000000084400000| Updating |  0
|  29|0x0000000084500000, 0x0000000084600000, 0x0000000084600000|100%| O|  |TAMS 0x0000000084600000| PB 0x0000000084500000| Untracked |  0
|  30|0x0000000084600000, 0x0000000084700000, 0x0000000084700000|100%| O|  |TAMS 0x0000000084700000| PB 0x0000000084600000| Untracked |  0
|  31|0x0000000084700000, 0x0000000084800000, 0x0000000084800000|100%| O|  |TAMS 0x0000000084800000| PB 0x0000000084700000| Untracked |  0
|  32|0x0000000084800000, 0x0000000084900000, 0x0000000084900000|100%| O|  |TAMS 0x0000000084900000| PB 0x0000000084800000| Untracked |  0
|  33|0x0000000084900000, 0x0000000084a00000, 0x0000000084a00000|100%| O|  |TAMS 0x0000000084900000| PB 0x0000000084900000| Untracked |  0
|  34|0x0000000084a00000, 0x0000000084b00000, 0x0000000084b00000|100%| O|Cm|TAMS 0x0000000084b00000| PB 0x0000000084a00000| Updating |  0
|  35|0x0000000084b00000, 0x0000000084c00000, 0x0000000084c00000|100%| O|  |TAMS 0x0000000084c00000| PB 0x0000000084b00000| Untracked |  0
|  36|0x0000000084c00000, 0x0000000084d00000, 0x0000000084d00000|100%| O|  |TAMS 0x0000000084d00000| PB 0x0000000084c00000| Untracked |  0
|  37|0x0000000084d00000, 0x0000000084e00000, 0x0000000084e00000|100%| O|  |TAMS 0x0000000084e00000| PB 0x0000000084d00000| Untracked |  0
|  38|0x0000000084e00000, 0x0000000084f00000, 0x0000000084f00000|100%| O|  |TAMS 0x0000000084f00000| PB 0x0000000084e00000| Untracked |  0
|  39|0x0000000084f00000, 0x0000000085000000, 0x0000000085000000|100%| O|  |TAMS 0x0000000085000000| PB 0x0000000084f00000| Untracked |  0
|  40|0x0000000085000000, 0x0000000085100000, 0x0000000085100000|100%| O|  |TAMS 0x0000000085100000| PB 0x0000000085000000| Untracked |  0
|  41|0x0000000085100000, 0x0000000085200000, 0x0000000085200000|100%| O|  |TAMS 0x0000000085200000| PB 0x0000000085100000| Untracked |  0
|  42|0x0000000085200000, 0x0000000085300000, 0x0000000085300000|100%| O|  |TAMS 0x0000000085300000| PB 0x0000000085200000| Untracked |  0
|  43|0x0000000085300000, 0x0000000085400000, 0x0000000085400000|100%| O|  |TAMS 0x0000000085400000| PB 0x0000000085300000| Untracked |  0
|  44|0x0000000085400000, 0x0000000085500000, 0x0000000085500000|100%| O|  |TAMS 0x0000000085400000| PB 0x0000000085400000| Untracked |  0
|  45|0x0000000085500000, 0x0000000085600000, 0x0000000085600000|100%| O|  |TAMS 0x0000000085600000| PB 0x0000000085500000| Untracked |  0
|  46|0x0000000085600000, 0x0000000085700000, 0x0000000085700000|100%| O|Cm|TAMS 0x0000000085700000| PB 0x0000000085600000| Updating |  0
|  47|0x0000000085700000, 0x0000000085800000, 0x0000000085800000|100%| O|  |TAMS 0x0000000085800000| PB 0x0000000085700000| Untracked |  0
|  48|0x0000000085800000, 0x0000000085900000, 0x0000000085900000|100%| O|  |TAMS 0x0000000085900000| PB 0x0000000085800000| Untracked |  0
|  49|0x0000000085900000, 0x0000000085a00000, 0x0000000085a00000|100%| O|  |TAMS 0x0000000085a00000| PB 0x0000000085900000| Untracked |  0
|  50|0x0000000085a00000, 0x0000000085b00000, 0x0000000085b00000|100%| O|Cm|TAMS 0x0000000085b00000| PB 0x0000000085a00000| Updating |  0
|  51|0x0000000085b00000, 0x0000000085c00000, 0x0000000085c00000|100%| O|  |TAMS 0x0000000085c00000| PB 0x0000000085b00000| Untracked |  0
|  52|0x0000000085c00000, 0x0000000085d00000, 0x0000000085d00000|100%| O|  |TAMS 0x0000000085d00000| PB 0x0000000085c00000| Untracked |  0
|  53|0x0000000085d00000, 0x0000000085e00000, 0x0000000085e00000|100%| O|  |TAMS 0x0000000085e00000| PB 0x0000000085d00000| Untracked |  0
|  54|0x0000000085e00000, 0x0000000085f00000, 0x0000000085f00000|100%| O|Cm|TAMS 0x0000000085f00000| PB 0x0000000085e00000| Updating |  0
|  55|0x0000000085f00000, 0x0000000086000000, 0x0000000086000000|100%| O|Cm|TAMS 0x0000000086000000| PB 0x0000000085f00000| Updating |  0
|  56|0x0000000086000000, 0x0000000086100000, 0x0000000086100000|100%| O|  |TAMS 0x0000000086100000| PB 0x0000000086000000| Untracked |  0
|  57|0x0000000086100000, 0x0000000086200000, 0x0000000086200000|100%| O|  |TAMS 0x0000000086200000| PB 0x0000000086100000| Untracked |  0
|  58|0x0000000086200000, 0x0000000086300000, 0x0000000086300000|100%| O|  |TAMS 0x0000000086300000| PB 0x0000000086200000| Untracked |  0
|  59|0x0000000086300000, 0x0000000086400000, 0x0000000086400000|100%| O|  |TAMS 0x0000000086400000| PB 0x0000000086300000| Untracked |  0
|  60|0x0000000086400000, 0x0000000086500000, 0x0000000086500000|100%| O|Cm|TAMS 0x0000000086500000| PB 0x0000000086400000| Updating |  0
|  61|0x0000000086500000, 0x0000000086600000, 0x0000000086600000|100%| O|  |TAMS 0x0000000086600000| PB 0x0000000086500000| Untracked |  0
|  62|0x0000000086600000, 0x0000000086700000, 0x0000000086700000|100%| O|  |TAMS 0x0000000086700000| PB 0x0000000086600000| Untracked |  0
|  63|0x0000000086700000, 0x0000000086800000, 0x0000000086800000|100%| O|  |TAMS 0x0000000086700000| PB 0x0000000086700000| Untracked |  0
|  64|0x0000000086800000, 0x00000000868ceb70, 0x0000000086900000| 80%| O|  |TAMS 0x0000000086800000| PB 0x0000000086800000| Untracked |  0
|  65|0x0000000086900000, 0x0000000086a00000, 0x0000000086a00000|100%| O|Cm|TAMS 0x0000000086a00000| PB 0x0000000086900000| Updating |  0
|  66|0x0000000086a00000, 0x0000000086a00000, 0x0000000086b00000|  0%| F|  |TAMS 0x0000000086a00000| PB 0x0000000086a00000| Untracked |  0
|  67|0x0000000086b00000, 0x0000000086b00000, 0x0000000086c00000|  0%| F|  |TAMS 0x0000000086b00000| PB 0x0000000086b00000| Untracked |  0
|  68|0x0000000086c00000, 0x0000000086c00000, 0x0000000086d00000|  0%| F|  |TAMS 0x0000000086c00000| PB 0x0000000086c00000| Untracked |  0
|  69|0x0000000086d00000, 0x0000000086d00000, 0x0000000086e00000|  0%| F|  |TAMS 0x0000000086d00000| PB 0x0000000086d00000| Untracked |  0
|  70|0x0000000086e00000, 0x0000000086e00000, 0x0000000086f00000|  0%| F|  |TAMS 0x0000000086e00000| PB 0x0000000086e00000| Untracked |  0
|  71|0x0000000086f00000, 0x0000000086f00000, 0x0000000087000000|  0%| F|  |TAMS 0x0000000086f00000| PB 0x0000000086f00000| Untracked |  0
|  72|0x0000000087000000, 0x0000000087000000, 0x0000000087100000|  0%| F|  |TAMS 0x0000000087000000| PB 0x0000000087000000| Untracked |  0
|  73|0x0000000087100000, 0x0000000087100000, 0x0000000087200000|  0%| F|  |TAMS 0x0000000087100000| PB 0x0000000087100000| Untracked |  0
|  74|0x0000000087200000, 0x0000000087200000, 0x0000000087300000|  0%| F|  |TAMS 0x0000000087200000| PB 0x0000000087200000| Untracked |  0
|  75|0x0000000087300000, 0x0000000087300000, 0x0000000087400000|  0%| F|  |TAMS 0x0000000087300000| PB 0x0000000087300000| Untracked |  0
|  76|0x0000000087400000, 0x0000000087400000, 0x0000000087500000|  0%| F|  |TAMS 0x0000000087400000| PB 0x0000000087400000| Untracked |  0
|  77|0x0000000087500000, 0x0000000087500000, 0x0000000087600000|  0%| F|  |TAMS 0x0000000087500000| PB 0x0000000087500000| Untracked |  0
|  78|0x0000000087600000, 0x0000000087600000, 0x0000000087700000|  0%| F|  |TAMS 0x0000000087600000| PB 0x0000000087600000| Untracked |  0
|  79|0x0000000087700000, 0x0000000087700000, 0x0000000087800000|  0%| F|  |TAMS 0x0000000087700000| PB 0x0000000087700000| Untracked |  0
|  80|0x0000000087800000, 0x0000000087800000, 0x0000000087900000|  0%| F|  |TAMS 0x0000000087800000| PB 0x0000000087800000| Untracked |  0
|  81|0x0000000087900000, 0x0000000087900000, 0x0000000087a00000|  0%| F|  |TAMS 0x0000000087900000| PB 0x0000000087900000| Untracked |  0
|  82|0x0000000087a00000, 0x0000000087a00000, 0x0000000087b00000|  0%| F|  |TAMS 0x0000000087a00000| PB 0x0000000087a00000| Untracked |  0
|  83|0x0000000087b00000, 0x0000000087b00000, 0x0000000087c00000|  0%| F|  |TAMS 0x0000000087b00000| PB 0x0000000087b00000| Untracked |  0
|  84|0x0000000087c00000, 0x0000000087c00000, 0x0000000087d00000|  0%| F|  |TAMS 0x0000000087c00000| PB 0x0000000087c00000| Untracked |  0
|  85|0x0000000087d00000, 0x0000000087d00000, 0x0000000087e00000|  0%| F|  |TAMS 0x0000000087d00000| PB 0x0000000087d00000| Untracked |  0
|  86|0x0000000087e00000, 0x0000000087e00000, 0x0000000087f00000|  0%| F|  |TAMS 0x0000000087e00000| PB 0x0000000087e00000| Untracked |  0
|  87|0x0000000087f00000, 0x0000000087f00000, 0x0000000088000000|  0%| F|  |TAMS 0x0000000087f00000| PB 0x0000000087f00000| Untracked |  0
|  88|0x0000000088000000, 0x0000000088000000, 0x0000000088100000|  0%| F|  |TAMS 0x0000000088000000| PB 0x0000000088000000| Untracked |  0
|  89|0x0000000088100000, 0x0000000088100000, 0x0000000088200000|  0%| F|  |TAMS 0x0000000088100000| PB 0x0000000088100000| Untracked |  0
|  90|0x0000000088200000, 0x0000000088200000, 0x0000000088300000|  0%| F|  |TAMS 0x0000000088200000| PB 0x0000000088200000| Untracked |  0
|  91|0x0000000088300000, 0x0000000088300000, 0x0000000088400000|  0%| F|  |TAMS 0x0000000088300000| PB 0x0000000088300000| Untracked |  0
|  92|0x0000000088400000, 0x0000000088400000, 0x0000000088500000|  0%| F|  |TAMS 0x0000000088400000| PB 0x0000000088400000| Untracked |  0
|  93|0x0000000088500000, 0x0000000088500000, 0x0000000088600000|  0%| F|  |TAMS 0x0000000088500000| PB 0x0000000088500000| Untracked |  0
|  94|0x0000000088600000, 0x0000000088600000, 0x0000000088700000|  0%| F|  |TAMS 0x0000000088600000| PB 0x0000000088600000| Untracked |  0
|  95|0x0000000088700000, 0x0000000088700000, 0x0000000088800000|  0%| F|  |TAMS 0x0000000088700000| PB 0x0000000088700000| Untracked |  0
|  96|0x0000000088800000, 0x0000000088800000, 0x0000000088900000|  0%| F|  |TAMS 0x0000000088800000| PB 0x0000000088800000| Untracked |  0
|  97|0x0000000088900000, 0x0000000088900000, 0x0000000088a00000|  0%| F|  |TAMS 0x0000000088900000| PB 0x0000000088900000| Untracked |  0
|  98|0x0000000088a00000, 0x0000000088a00000, 0x0000000088b00000|  0%| F|  |TAMS 0x0000000088a00000| PB 0x0000000088a00000| Untracked |  0
|  99|0x0000000088b00000, 0x0000000088b00000, 0x0000000088c00000|  0%| F|  |TAMS 0x0000000088b00000| PB 0x0000000088b00000| Untracked |  0
| 100|0x0000000088c00000, 0x0000000088c00000, 0x0000000088d00000|  0%| F|  |TAMS 0x0000000088c00000| PB 0x0000000088c00000| Untracked |  0
| 101|0x0000000088d00000, 0x0000000088d00000, 0x0000000088e00000|  0%| F|  |TAMS 0x0000000088d00000| PB 0x0000000088d00000| Untracked |  0
| 102|0x0000000088e00000, 0x0000000088e00000, 0x0000000088f00000|  0%| F|  |TAMS 0x0000000088e00000| PB 0x0000000088e00000| Untracked |  0
| 103|0x0000000088f00000, 0x0000000088f00000, 0x0000000089000000|  0%| F|  |TAMS 0x0000000088f00000| PB 0x0000000088f00000| Untracked |  0
| 104|0x0000000089000000, 0x0000000089000000, 0x0000000089100000|  0%| F|  |TAMS 0x0000000089000000| PB 0x0000000089000000| Untracked |  0
| 105|0x0000000089100000, 0x0000000089100000, 0x0000000089200000|  0%| F|  |TAMS 0x0000000089100000| PB 0x0000000089100000| Untracked |  0
| 106|0x0000000089200000, 0x0000000089200000, 0x0000000089300000|  0%| F|  |TAMS 0x0000000089200000| PB 0x0000000089200000| Untracked |  0
| 107|0x0000000089300000, 0x0000000089300000, 0x0000000089400000|  0%| F|  |TAMS 0x0000000089300000| PB 0x0000000089300000| Untracked |  0
| 108|0x0000000089400000, 0x0000000089400000, 0x0000000089500000|  0%| F|  |TAMS 0x0000000089400000| PB 0x0000000089400000| Untracked |  0
| 109|0x0000000089500000, 0x0000000089500000, 0x0000000089600000|  0%| F|  |TAMS 0x0000000089500000| PB 0x0000000089500000| Untracked |  0
| 110|0x0000000089600000, 0x0000000089600000, 0x0000000089700000|  0%| F|  |TAMS 0x0000000089600000| PB 0x0000000089600000| Untracked |  0
| 111|0x0000000089700000, 0x0000000089700000, 0x0000000089800000|  0%| F|  |TAMS 0x0000000089700000| PB 0x0000000089700000| Untracked |  0
| 112|0x0000000089800000, 0x0000000089800000, 0x0000000089900000|  0%| F|  |TAMS 0x0000000089800000| PB 0x0000000089800000| Untracked |  0
| 113|0x0000000089900000, 0x0000000089900000, 0x0000000089a00000|  0%| F|  |TAMS 0x0000000089900000| PB 0x0000000089900000| Untracked |  0
| 114|0x0000000089a00000, 0x0000000089a00000, 0x0000000089b00000|  0%| F|  |TAMS 0x0000000089a00000| PB 0x0000000089a00000| Untracked |  0
| 115|0x0000000089b00000, 0x0000000089b00000, 0x0000000089c00000|  0%| F|  |TAMS 0x0000000089b00000| PB 0x0000000089b00000| Untracked |  0
| 116|0x0000000089c00000, 0x0000000089c00000, 0x0000000089d00000|  0%| F|  |TAMS 0x0000000089c00000| PB 0x0000000089c00000| Untracked |  0
| 117|0x0000000089d00000, 0x0000000089d00000, 0x0000000089e00000|  0%| F|  |TAMS 0x0000000089d00000| PB 0x0000000089d00000| Untracked |  0
| 118|0x0000000089e00000, 0x0000000089e00000, 0x0000000089f00000|  0%| F|  |TAMS 0x0000000089e00000| PB 0x0000000089e00000| Untracked |  0
| 119|0x0000000089f00000, 0x0000000089f00000, 0x000000008a000000|  0%| F|  |TAMS 0x0000000089f00000| PB 0x0000000089f00000| Untracked |  0
| 120|0x000000008a000000, 0x000000008a000000, 0x000000008a100000|  0%| F|  |TAMS 0x000000008a000000| PB 0x000000008a000000| Untracked |  0
| 121|0x000000008a100000, 0x000000008a100000, 0x000000008a200000|  0%| F|  |TAMS 0x000000008a100000| PB 0x000000008a100000| Untracked |  0
| 122|0x000000008a200000, 0x000000008a200000, 0x000000008a300000|  0%| F|  |TAMS 0x000000008a200000| PB 0x000000008a200000| Untracked |  0
| 123|0x000000008a300000, 0x000000008a300000, 0x000000008a400000|  0%| F|  |TAMS 0x000000008a300000| PB 0x000000008a300000| Untracked |  0
| 124|0x000000008a400000, 0x000000008a400000, 0x000000008a500000|  0%| F|  |TAMS 0x000000008a400000| PB 0x000000008a400000| Untracked |  0
| 125|0x000000008a500000, 0x000000008a500000, 0x000000008a600000|  0%| F|  |TAMS 0x000000008a500000| PB 0x000000008a500000| Untracked |  0
| 126|0x000000008a600000, 0x000000008a600000, 0x000000008a700000|  0%| F|  |TAMS 0x000000008a600000| PB 0x000000008a600000| Untracked |  0
| 127|0x000000008a700000, 0x000000008a700000, 0x000000008a800000|  0%| F|  |TAMS 0x000000008a700000| PB 0x000000008a700000| Untracked |  0
| 128|0x000000008a800000, 0x000000008a800000, 0x000000008a900000|  0%| F|  |TAMS 0x000000008a800000| PB 0x000000008a800000| Untracked |  0
| 129|0x000000008a900000, 0x000000008a900000, 0x000000008aa00000|  0%| F|  |TAMS 0x000000008a900000| PB 0x000000008a900000| Untracked |  0
| 130|0x000000008aa00000, 0x000000008aa00000, 0x000000008ab00000|  0%| F|  |TAMS 0x000000008aa00000| PB 0x000000008aa00000| Untracked |  0
| 131|0x000000008ab00000, 0x000000008ab00000, 0x000000008ac00000|  0%| F|  |TAMS 0x000000008ab00000| PB 0x000000008ab00000| Untracked |  0
| 132|0x000000008ac00000, 0x000000008ac00000, 0x000000008ad00000|  0%| F|  |TAMS 0x000000008ac00000| PB 0x000000008ac00000| Untracked |  0
| 133|0x000000008ad00000, 0x000000008ad00000, 0x000000008ae00000|  0%| F|  |TAMS 0x000000008ad00000| PB 0x000000008ad00000| Untracked |  0
| 134|0x000000008ae00000, 0x000000008ae00000, 0x000000008af00000|  0%| F|  |TAMS 0x000000008ae00000| PB 0x000000008ae00000| Untracked |  0
| 135|0x000000008af00000, 0x000000008af00000, 0x000000008b000000|  0%| F|  |TAMS 0x000000008af00000| PB 0x000000008af00000| Untracked |  0
| 136|0x000000008b000000, 0x000000008b000000, 0x000000008b100000|  0%| F|  |TAMS 0x000000008b000000| PB 0x000000008b000000| Untracked |  0
| 137|0x000000008b100000, 0x000000008b100000, 0x000000008b200000|  0%| F|  |TAMS 0x000000008b100000| PB 0x000000008b100000| Untracked |  0
| 138|0x000000008b200000, 0x000000008b200000, 0x000000008b300000|  0%| F|  |TAMS 0x000000008b200000| PB 0x000000008b200000| Untracked |  0
| 139|0x000000008b300000, 0x000000008b300000, 0x000000008b400000|  0%| F|  |TAMS 0x000000008b300000| PB 0x000000008b300000| Untracked |  0
| 140|0x000000008b400000, 0x000000008b400000, 0x000000008b500000|  0%| F|  |TAMS 0x000000008b400000| PB 0x000000008b400000| Untracked |  0
| 141|0x000000008b500000, 0x000000008b500000, 0x000000008b600000|  0%| F|  |TAMS 0x000000008b500000| PB 0x000000008b500000| Untracked |  0
| 142|0x000000008b600000, 0x000000008b600000, 0x000000008b700000|  0%| F|  |TAMS 0x000000008b600000| PB 0x000000008b600000| Untracked |  0
| 143|0x000000008b700000, 0x000000008b700000, 0x000000008b800000|  0%| F|  |TAMS 0x000000008b700000| PB 0x000000008b700000| Untracked |  0
| 144|0x000000008b800000, 0x000000008b800000, 0x000000008b900000|  0%| F|  |TAMS 0x000000008b800000| PB 0x000000008b800000| Untracked |  0
| 145|0x000000008b900000, 0x000000008b900000, 0x000000008ba00000|  0%| F|  |TAMS 0x000000008b900000| PB 0x000000008b900000| Untracked |  0
| 146|0x000000008ba00000, 0x000000008ba00000, 0x000000008bb00000|  0%| F|  |TAMS 0x000000008ba00000| PB 0x000000008ba00000| Untracked |  0
| 147|0x000000008bb00000, 0x000000008bb00000, 0x000000008bc00000|  0%| F|  |TAMS 0x000000008bb00000| PB 0x000000008bb00000| Untracked |  0
| 148|0x000000008bc00000, 0x000000008bc00000, 0x000000008bd00000|  0%| F|  |TAMS 0x000000008bc00000| PB 0x000000008bc00000| Untracked |  0
| 149|0x000000008bd00000, 0x000000008bd00000, 0x000000008be00000|  0%| F|  |TAMS 0x000000008bd00000| PB 0x000000008bd00000| Untracked |  0
| 150|0x000000008be00000, 0x000000008be00000, 0x000000008bf00000|  0%| F|  |TAMS 0x000000008be00000| PB 0x000000008be00000| Untracked |  0
| 151|0x000000008bf00000, 0x000000008bf00000, 0x000000008c000000|  0%| F|  |TAMS 0x000000008bf00000| PB 0x000000008bf00000| Untracked |  0
| 152|0x000000008c000000, 0x000000008c000000, 0x000000008c100000|  0%| F|  |TAMS 0x000000008c000000| PB 0x000000008c000000| Untracked |  0
| 153|0x000000008c100000, 0x000000008c100000, 0x000000008c200000|  0%| F|  |TAMS 0x000000008c100000| PB 0x000000008c100000| Untracked |  0
| 154|0x000000008c200000, 0x000000008c200000, 0x000000008c300000|  0%| F|  |TAMS 0x000000008c200000| PB 0x000000008c200000| Untracked |  0
| 155|0x000000008c300000, 0x000000008c300000, 0x000000008c400000|  0%| F|  |TAMS 0x000000008c300000| PB 0x000000008c300000| Untracked |  0
| 156|0x000000008c400000, 0x000000008c400000, 0x000000008c500000|  0%| F|  |TAMS 0x000000008c400000| PB 0x000000008c400000| Untracked |  0
| 157|0x000000008c500000, 0x000000008c500000, 0x000000008c600000|  0%| F|  |TAMS 0x000000008c500000| PB 0x000000008c500000| Untracked |  0
| 158|0x000000008c600000, 0x000000008c600000, 0x000000008c700000|  0%| F|  |TAMS 0x000000008c600000| PB 0x000000008c600000| Untracked |  0
| 159|0x000000008c700000, 0x000000008c700000, 0x000000008c800000|  0%| F|  |TAMS 0x000000008c700000| PB 0x000000008c700000| Untracked |  0
| 160|0x000000008c800000, 0x000000008c800000, 0x000000008c900000|  0%| F|  |TAMS 0x000000008c800000| PB 0x000000008c800000| Untracked |  0
| 161|0x000000008c900000, 0x000000008c900000, 0x000000008ca00000|  0%| F|  |TAMS 0x000000008c900000| PB 0x000000008c900000| Untracked |  0
| 162|0x000000008ca00000, 0x000000008ca00000, 0x000000008cb00000|  0%| F|  |TAMS 0x000000008ca00000| PB 0x000000008ca00000| Untracked |  0
| 163|0x000000008cb00000, 0x000000008cb00000, 0x000000008cc00000|  0%| F|  |TAMS 0x000000008cb00000| PB 0x000000008cb00000| Untracked |  0
| 164|0x000000008cc00000, 0x000000008cc00000, 0x000000008cd00000|  0%| F|  |TAMS 0x000000008cc00000| PB 0x000000008cc00000| Untracked |  0
| 165|0x000000008cd00000, 0x000000008cdc6f40, 0x000000008ce00000| 77%| S|CS|TAMS 0x000000008cd00000| PB 0x000000008cd00000| Complete |  0
| 166|0x000000008ce00000, 0x000000008ce00000, 0x000000008cf00000|  0%| F|  |TAMS 0x000000008ce00000| PB 0x000000008ce00000| Untracked |  0
|2001|0x00000000ff900000, 0x00000000ff900000, 0x00000000ffa00000|  0%| F|  |TAMS 0x00000000ff900000| PB 0x00000000ff900000| Untracked |  0
|2002|0x00000000ffa00000, 0x00000000ffb00000, 0x00000000ffb00000|100%| O|Cm|TAMS 0x00000000ffb00000| PB 0x00000000ffa00000| Updating |  0
|2003|0x00000000ffb00000, 0x00000000ffc00000, 0x00000000ffc00000|100%| O|  |TAMS 0x00000000ffc00000| PB 0x00000000ffb00000| Untracked |  0
|2004|0x00000000ffc00000, 0x00000000ffd00000, 0x00000000ffd00000|100%| O|  |TAMS 0x00000000ffd00000| PB 0x00000000ffc00000| Untracked |  0
|2005|0x00000000ffd00000, 0x00000000ffe00000, 0x00000000ffe00000|100%| O|Cm|TAMS 0x00000000ffe00000| PB 0x00000000ffd00000| Updating |  0
|2006|0x00000000ffe00000, 0x00000000fff00000, 0x00000000fff00000|100%| O|  |TAMS 0x00000000fff00000| PB 0x00000000ffe00000| Untracked |  0
|2007|0x00000000fff00000, 0x00000000fffa5ca0, 0x0000000100000000| 64%| E|  |TAMS 0x00000000fff00000| PB 0x00000000fff00000| Complete |  0

Card table byte_map: [0x0000025e320d0000,0x0000025e324c0000] _byte_map_base: 0x0000025e31cbc000

Marking Bits: (CMBitMap*) 0x0000025e26293890
 Bits: [0x0000025e324c0000, 0x0000025e34420000)

Polling page: 0x0000025e23f30000

Metaspace:

Usage:
  Non-class:     97.73 MB used.
      Class:     13.10 MB used.
       Both:    110.83 MB used.

Virtual space:
  Non-class space:      128.00 MB reserved,      98.44 MB ( 77%) committed,  2 nodes.
      Class space:        1.00 GB reserved,      13.56 MB (  1%) committed,  1 nodes.
             Both:        1.12 GB reserved,     112.00 MB ( 10%) committed. 

Chunk freelists:
   Non-Class:  13.48 MB
       Class:  2.59 MB
        Both:  16.07 MB

MaxMetaspaceSize: unlimited
CompressedClassSpaceSize: 1.00 GB
Initial GC threshold: 21.00 MB
Current GC threshold: 186.69 MB
CDS: on
 - commit_granule_bytes: 65536.
 - commit_granule_words: 8192.
 - virtual_space_node_default_size: 8388608.
 - enlarge_chunks_in_place: 1.
UseCompressedClassPointers 1, UseCompactObjectHeaders 0
Narrow klass pointer bits 32, Max shift 3
Narrow klass base: 0x0000025e37000000, Narrow klass shift: 0
Encoding Range: [0x0000025e37000000 - 0x0000025f37000000), (4294967296 bytes)
Klass Range:    [0x0000025e37000000 - 0x0000025e78000000), (1090519040 bytes)
Klass ID Range:  [8 - 1090519033) (1090519025)


Internal statistics:

num_allocs_failed_limit: 12.
num_arena_births: 1188.
num_arena_deaths: 336.
num_vsnodes_births: 3.
num_vsnodes_deaths: 0.
num_space_committed: 1792.
num_space_uncommitted: 0.
num_chunks_returned_to_freelist: 352.
num_chunks_taken_from_freelist: 5172.
num_chunk_merges: 93.
num_chunk_splits: 3931.
num_chunks_enlarged: 3277.
num_inconsistent_stats: 0.

CodeCache: size=49152Kb used=10798Kb max_used=14964Kb free=38354Kb
 bounds [0x0000025e2eac0000, 0x0000025e2f960000, 0x0000025e31ac0000]
 total_blobs=7898, nmethods=7026, adapters=797, full_count=0
Compilation: enabled, stopped_count=0, restarted_count=0

Compilation events (20 events):
Event: 235.720 Thread 0x0000025e7804f9e0 11608       1       org.springframework.kafka.listener.KafkaMessageListenerContainer$ListenerConsumer$$Lambda/0x0000025e38d91d38::<init> (10 bytes)
Event: 235.720 Thread 0x0000025e7804f9e0 nmethod 11608 0x0000025e2f534288 code [0x0000025e2f5343a0, 0x0000025e2f5344b0]
Event: 235.720 Thread 0x0000025e7804f9e0 11609       1       org.springframework.kafka.listener.KafkaMessageListenerContainer$ListenerConsumer::invokeIfHaveRecords (87 bytes)
Event: 235.721 Thread 0x0000025e7804f9e0 nmethod 11609 0x0000025e2f4aab08 code [0x0000025e2f4aade0, 0x0000025e2f4ab880]
Event: 235.721 Thread 0x0000025e7804f9e0 11610       1       org.springframework.kafka.listener.KafkaMessageListenerContainer$ListenerConsumer::checkIdle (127 bytes)
Event: 235.722 Thread 0x0000025e7804f9e0 nmethod 11610 0x0000025e2f4efb88 code [0x0000025e2f4efcc0, 0x0000025e2f4eff18]
Event: 243.649 Thread 0x0000025e7804f9e0 11611       1       sun.security.ssl.SSLCipher$T13GcmWriteCipherGenerator$GcmWriteCipher::getExplicitNonceSize (2 bytes)
Event: 243.649 Thread 0x0000025e7804f9e0 nmethod 11611 0x0000025e2f538888 code [0x0000025e2f538980, 0x0000025e2f538a48]
Event: 246.484 Thread 0x0000025e7804f9e0 11612       1       java.util.EventObject::getSource (5 bytes)
Event: 246.485 Thread 0x0000025e7804f9e0 nmethod 11612 0x0000025e2f53f788 code [0x0000025e2f53f880, 0x0000025e2f53f948]
Event: 266.562 Thread 0x0000025e7804f9e0 11614       1       org.apache.catalina.util.LifecycleBase::fireLifecycleEvent (56 bytes)
Event: 268.846 Thread 0x0000025e7804f9e0 nmethod 11614 0x0000025e2f53ef08 code [0x0000025e2f53f060, 0x0000025e2f53f3d0]
Event: 268.846 Thread 0x0000025e7804f9e0 11615       1       org.apache.catalina.LifecycleEvent::<init> (16 bytes)
Event: 269.067 Thread 0x0000025e7804f9e0 nmethod 11615 0x0000025e2f4d6708 code [0x0000025e2f4d6820, 0x0000025e2f4d6aa8]
Event: 286.525 Thread 0x0000025e7804f9e0 11616       1       java.util.concurrent.atomic.AtomicLong::getAndSet (12 bytes)
Event: 286.708 Thread 0x0000025e7804f9e0 nmethod 11616 0x0000025e2f544c88 code [0x0000025e2f544d80, 0x0000025e2f544e50]
Event: 286.869 Thread 0x0000025e7804f9e0 11618       1       org.apache.coyote.AbstractProtocol$$Lambda/0x0000025e38d24d60::run (8 bytes)
Event: 289.262 Thread 0x0000025e7804f9e0 nmethod 11618 0x0000025e2f549908 code [0x0000025e2f549a20, 0x0000025e2f549b08]
Event: 289.262 Thread 0x0000025e7804f9e0 11619       1       org.apache.coyote.AbstractProtocol::lambda$startAsyncTimeout$0 (46 bytes)
Event: 289.450 Thread 0x0000025e7804f9e0 nmethod 11619 0x0000025e2f53eb08 code [0x0000025e2f53ec60, 0x0000025e2f53ee78]

GC Heap History (20 events):
Event: 17.714 GC heap before
{Heap before GC invocations=26 (full 0):
 garbage-first heap   total reserved 2056192K, committed 110592K, used 97280K [0x0000000082800000, 0x0000000100000000)
  region size 1024K, 34 young (34816K), 5 survivors (5120K)
 Metaspace       used 93064K, committed 93696K, reserved 1179648K
  class space    used 11115K, committed 11392K, reserved 1048576K
}
Event: 17.718 GC heap after
{Heap after GC invocations=27 (full 0):
 garbage-first heap   total reserved 2056192K, committed 178176K, used 69092K [0x0000000082800000, 0x0000000100000000)
  region size 1024K, 2 young (2048K), 2 survivors (2048K)
 Metaspace       used 93064K, committed 93696K, reserved 1179648K
  class space    used 11115K, committed 11392K, reserved 1048576K
}
Event: 17.882 GC heap before
{Heap before GC invocations=28 (full 0):
 garbage-first heap   total reserved 2056192K, committed 178176K, used 143844K [0x0000000082800000, 0x0000000100000000)
  region size 1024K, 76 young (77824K), 2 survivors (2048K)
 Metaspace       used 93066K, committed 93696K, reserved 1179648K
  class space    used 11115K, committed 11392K, reserved 1048576K
}
Event: 17.885 GC heap after
{Heap after GC invocations=29 (full 0):
 garbage-first heap   total reserved 2056192K, committed 178176K, used 70505K [0x0000000082800000, 0x0000000100000000)
  region size 1024K, 4 young (4096K), 4 survivors (4096K)
 Metaspace       used 93066K, committed 93696K, reserved 1179648K
  class space    used 11115K, committed 11392K, reserved 1048576K
}
Event: 18.014 GC heap before
{Heap before GC invocations=29 (full 0):
 garbage-first heap   total reserved 2056192K, committed 178176K, used 141161K [0x0000000082800000, 0x0000000100000000)
  region size 1024K, 73 young (74752K), 4 survivors (4096K)
 Metaspace       used 93122K, committed 93760K, reserved 1179648K
  class space    used 11127K, committed 11392K, reserved 1048576K
}
Event: 18.016 GC heap after
{Heap after GC invocations=30 (full 0):
 garbage-first heap   total reserved 2056192K, committed 178176K, used 68285K [0x0000000082800000, 0x0000000100000000)
  region size 1024K, 3 young (3072K), 3 survivors (3072K)
 Metaspace       used 93122K, committed 93760K, reserved 1179648K
  class space    used 11127K, committed 11392K, reserved 1048576K
}
Event: 18.264 GC heap before
{Heap before GC invocations=30 (full 0):
 garbage-first heap   total reserved 2056192K, committed 178176K, used 145085K [0x0000000082800000, 0x0000000100000000)
  region size 1024K, 78 young (79872K), 3 survivors (3072K)
 Metaspace       used 93593K, committed 94272K, reserved 1179648K
  class space    used 11173K, committed 11456K, reserved 1048576K
}
Event: 18.267 GC heap after
{Heap after GC invocations=31 (full 0):
 garbage-first heap   total reserved 2056192K, committed 178176K, used 69063K [0x0000000082800000, 0x0000000100000000)
  region size 1024K, 4 young (4096K), 4 survivors (4096K)
 Metaspace       used 93593K, committed 94272K, reserved 1179648K
  class space    used 11173K, committed 11456K, reserved 1048576K
}
Event: 18.893 GC heap before
{Heap before GC invocations=32 (full 0):
 garbage-first heap   total reserved 2056192K, committed 178176K, used 147911K [0x0000000082800000, 0x0000000100000000)
  region size 1024K, 82 young (83968K), 4 survivors (4096K)
 Metaspace       used 96898K, committed 97600K, reserved 1179648K
  class space    used 11556K, committed 11840K, reserved 1048576K
}
Event: 18.899 GC heap after
{Heap after GC invocations=33 (full 0):
 garbage-first heap   total reserved 2056192K, committed 178176K, used 72215K [0x0000000082800000, 0x0000000100000000)
  region size 1024K, 7 young (7168K), 7 survivors (7168K)
 Metaspace       used 96898K, committed 97600K, reserved 1179648K
  class space    used 11556K, committed 11840K, reserved 1048576K
}
Event: 19.742 GC heap before
{Heap before GC invocations=33 (full 0):
 garbage-first heap   total reserved 2056192K, committed 178176K, used 152087K [0x0000000082800000, 0x0000000100000000)
  region size 1024K, 85 young (87040K), 7 survivors (7168K)
 Metaspace       used 102279K, committed 103104K, reserved 1179648K
  class space    used 12209K, committed 12544K, reserved 1048576K
}
Event: 19.749 GC heap after
{Heap after GC invocations=34 (full 0):
 garbage-first heap   total reserved 2056192K, committed 178176K, used 75942K [0x0000000082800000, 0x0000000100000000)
  region size 1024K, 10 young (10240K), 10 survivors (10240K)
 Metaspace       used 102279K, committed 103104K, reserved 1179648K
  class space    used 12209K, committed 12544K, reserved 1048576K
}
Event: 36.246 GC heap before
{Heap before GC invocations=34 (full 0):
 garbage-first heap   total reserved 2056192K, committed 178176K, used 154790K [0x0000000082800000, 0x0000000100000000)
  region size 1024K, 88 young (90112K), 10 survivors (10240K)
 Metaspace       used 113786K, committed 114688K, reserved 1179648K
  class space    used 13500K, committed 13888K, reserved 1048576K
}
Event: 36.256 GC heap after
{Heap after GC invocations=35 (full 0):
 garbage-first heap   total reserved 2056192K, committed 178176K, used 80247K [0x0000000082800000, 0x0000000100000000)
  region size 1024K, 9 young (9216K), 9 survivors (9216K)
 Metaspace       used 113786K, committed 114688K, reserved 1179648K
  class space    used 13500K, committed 13888K, reserved 1048576K
}
Event: 148.032 GC heap before
{Heap before GC invocations=36 (full 0):
 garbage-first heap   total reserved 2056192K, committed 178176K, used 154999K [0x0000000082800000, 0x0000000100000000)
  region size 1024K, 85 young (87040K), 9 survivors (9216K)
 Metaspace       used 113795K, committed 114688K, reserved 1179648K
  class space    used 13501K, committed 13888K, reserved 1048576K
}
Event: 148.037 GC heap after
{Heap after GC invocations=37 (full 0):
 garbage-first heap   total reserved 2056192K, committed 178176K, used 76386K [0x0000000082800000, 0x0000000100000000)
  region size 1024K, 5 young (5120K), 5 survivors (5120K)
 Metaspace       used 113795K, committed 114688K, reserved 1179648K
  class space    used 13501K, committed 13888K, reserved 1048576K
}
Event: 276.910 GC heap before
{Heap before GC invocations=37 (full 0):
 garbage-first heap   total reserved 2056192K, committed 178176K, used 160354K [0x0000000082800000, 0x0000000100000000)
  region size 1024K, 87 young (89088K), 5 survivors (5120K)
 Metaspace       used 113795K, committed 114688K, reserved 1179648K
  class space    used 13501K, committed 13888K, reserved 1048576K
}
Event: 286.362 GC heap after
{Heap after GC invocations=38 (full 0):
 garbage-first heap   total reserved 2056192K, committed 178176K, used 72939K [0x0000000082800000, 0x0000000100000000)
  region size 1024K, 5 young (5120K), 5 survivors (5120K)
 Metaspace       used 113795K, committed 114688K, reserved 1179648K
  class space    used 13501K, committed 13888K, reserved 1048576K
}
Event: 289.525 GC heap before
{Heap before GC invocations=38 (full 0):
 garbage-first heap   total reserved 2056192K, committed 178176K, used 74987K [0x0000000082800000, 0x0000000100000000)
  region size 1024K, 8 young (8192K), 5 survivors (5120K)
 Metaspace       used 113795K, committed 114688K, reserved 1179648K
  class space    used 13501K, committed 13888K, reserved 1048576K
}
Event: 290.086 GC heap after
{Heap after GC invocations=39 (full 0):
 garbage-first heap   total reserved 2056192K, committed 178176K, used 73302K [0x0000000082800000, 0x0000000100000000)
  region size 1024K, 1 young (1024K), 1 survivors (1024K)
 Metaspace       used 113795K, committed 114688K, reserved 1179648K
  class space    used 13501K, committed 13888K, reserved 1048576K
}

Dll operation events (11 events):
Event: 0.019 Loaded shared library C:\Users\84862\.jdks\openjdk-24.0.2+12-54\bin\java.dll
Event: 0.251 Loaded shared library C:\Users\84862\.jdks\openjdk-24.0.2+12-54\bin\zip.dll
Event: 0.256 Loaded shared library C:\Users\84862\.jdks\openjdk-24.0.2+12-54\bin\instrument.dll
Event: 0.264 Loaded shared library C:\Users\84862\.jdks\openjdk-24.0.2+12-54\bin\net.dll
Event: 0.267 Loaded shared library C:\Users\84862\.jdks\openjdk-24.0.2+12-54\bin\nio.dll
Event: 0.271 Loaded shared library C:\Users\84862\.jdks\openjdk-24.0.2+12-54\bin\zip.dll
Event: 0.602 Loaded shared library C:\Users\84862\.jdks\openjdk-24.0.2+12-54\bin\extnet.dll
Event: 0.657 Loaded shared library C:\Users\84862\.jdks\openjdk-24.0.2+12-54\bin\jimage.dll
Event: 3.259 Loaded shared library C:\Users\84862\.jdks\openjdk-24.0.2+12-54\bin\management.dll
Event: 3.260 Loaded shared library C:\Users\84862\.jdks\openjdk-24.0.2+12-54\bin\management_ext.dll
Event: 8.737 Loaded shared library C:\Users\84862\.jdks\openjdk-24.0.2+12-54\bin\sunmscapi.dll

Deoptimization events (8 events):
Event: 3.305 Thread 0x0000025e2623ade0 DEOPT PACKING pc=0x0000025e2ed1a844 sp=0x0000006d535fe410
Event: 3.305 Thread 0x0000025e2623ade0 DEOPT UNPACKING pc=0x0000025e2eb15722 sp=0x0000006d535fd940 mode 0
Event: 8.610 Thread 0x0000025e7d3bdf00 DEOPT PACKING pc=0x0000025e2ee9c62c sp=0x0000006d54afcc30
Event: 8.610 Thread 0x0000025e7d3bdf00 DEOPT UNPACKING pc=0x0000025e2eb15722 sp=0x0000006d54afc128 mode 0
Event: 13.004 Thread 0x0000025e7e8dd650 DEOPT PACKING pc=0x0000025e2eea9db1 sp=0x0000006d556fed90
Event: 13.004 Thread 0x0000025e7e8dd650 DEOPT UNPACKING pc=0x0000025e2eb15722 sp=0x0000006d556fe1e8 mode 3
Event: 13.004 Thread 0x0000025e7d3bdf00 DEOPT PACKING pc=0x0000025e2eeaa496 sp=0x0000006d54af9760
Event: 13.004 Thread 0x0000025e7d3bdf00 DEOPT UNPACKING pc=0x0000025e2eb15722 sp=0x0000006d54af8bf0 mode 3

Classes loaded (20 events):
Event: 20.778 Loading class com/sun/beans/introspect/ClassInfo$1
Event: 20.778 Loading class com/sun/beans/util/Cache
Event: 20.779 Loading class com/sun/beans/util/Cache done
Event: 20.779 Loading class com/sun/beans/introspect/ClassInfo$1 done
Event: 20.779 Loading class com/sun/beans/util/Cache$Kind
Event: 20.779 Loading class com/sun/beans/util/Cache$Kind done
Event: 20.779 Loading class com/sun/beans/util/Cache$Kind$1
Event: 20.779 Loading class com/sun/beans/util/Cache$Kind$1 done
Event: 20.779 Loading class com/sun/beans/util/Cache$Kind$2
Event: 20.779 Loading class com/sun/beans/util/Cache$Kind$2 done
Event: 20.779 Loading class com/sun/beans/util/Cache$Kind$3
Event: 20.780 Loading class com/sun/beans/util/Cache$Kind$3 done
Event: 20.780 Loading class com/sun/beans/util/Cache$CacheEntry
Event: 20.780 Loading class com/sun/beans/util/Cache$CacheEntry done
Event: 25.618 Loading class java/util/AbstractMap$2
Event: 25.618 Loading class java/util/AbstractMap$2 done
Event: 25.618 Loading class java/util/AbstractMap$ValueIterator
Event: 25.618 Loading class java/util/AbstractMap$ValueIterator done
Event: 47.898 Loading class java/util/concurrent/ConcurrentHashMap$TreeBin
Event: 47.898 Loading class java/util/concurrent/ConcurrentHashMap$TreeBin done

Classes unloaded (20 events):
Event: 290.313 Thread 0x0000025e78002580 Unloading class 0x0000025e38218400 'java/lang/invoke/LambdaForm$DMH+0x0000025e38218400'
Event: 290.314 Thread 0x0000025e78002580 Unloading class 0x0000025e381b8000 'java/lang/invoke/LambdaForm$MH+0x0000025e381b8000'
Event: 290.314 Thread 0x0000025e78002580 Unloading class 0x0000025e38119400 'java/lang/invoke/LambdaForm$MH+0x0000025e38119400'
Event: 290.314 Thread 0x0000025e78002580 Unloading class 0x0000025e38119000 'java/lang/invoke/LambdaForm$MH+0x0000025e38119000'
Event: 290.315 Thread 0x0000025e78002580 Unloading class 0x0000025e38112800 'java/lang/invoke/LambdaForm$DMH+0x0000025e38112800'
Event: 290.315 Thread 0x0000025e78002580 Unloading class 0x0000025e38112000 'java/lang/invoke/LambdaForm$DMH+0x0000025e38112000'
Event: 290.315 Thread 0x0000025e78002580 Unloading class 0x0000025e38111800 'java/lang/invoke/LambdaForm$DMH+0x0000025e38111800'
Event: 290.315 Thread 0x0000025e78002580 Unloading class 0x0000025e38110800 'java/lang/invoke/LambdaForm$DMH+0x0000025e38110800'
Event: 290.316 Thread 0x0000025e78002580 Unloading class 0x0000025e38101400 'java/lang/invoke/LambdaForm$MH+0x0000025e38101400'
Event: 290.317 Thread 0x0000025e78002580 Unloading class 0x0000025e38101000 'java/lang/invoke/LambdaForm$MH+0x0000025e38101000'
Event: 290.317 Thread 0x0000025e78002580 Unloading class 0x0000025e380ac000 'java/lang/invoke/LambdaForm$DMH+0x0000025e380ac000'
Event: 290.318 Thread 0x0000025e78002580 Unloading class 0x0000025e38091800 'java/lang/invoke/LambdaForm$MH+0x0000025e38091800'
Event: 290.318 Thread 0x0000025e78002580 Unloading class 0x0000025e38091400 'java/lang/invoke/LambdaForm$MH+0x0000025e38091400'
Event: 290.318 Thread 0x0000025e78002580 Unloading class 0x0000025e38091000 'java/lang/invoke/LambdaForm$MH+0x0000025e38091000'
Event: 290.318 Thread 0x0000025e78002580 Unloading class 0x0000025e38080800 'java/lang/invoke/LambdaForm$MH+0x0000025e38080800'
Event: 290.320 Thread 0x0000025e78002580 Unloading class 0x0000025e38020c00 'java/lang/invoke/LambdaForm$BMH+0x0000025e38020c00'
Event: 290.321 Thread 0x0000025e78002580 Unloading class 0x0000025e38002400 'java/lang/invoke/LambdaForm$MH+0x0000025e38002400'
Event: 290.321 Thread 0x0000025e78002580 Unloading class 0x0000025e38002000 'java/lang/invoke/LambdaForm$MH+0x0000025e38002000'
Event: 290.321 Thread 0x0000025e78002580 Unloading class 0x0000025e38001c00 'java/lang/invoke/LambdaForm$MH+0x0000025e38001c00'
Event: 290.321 Thread 0x0000025e78002580 Unloading class 0x0000025e38001400 'java/lang/invoke/LambdaForm$MH+0x0000025e38001400'

Classes redefined (0 events):
No events

Internal exceptions (20 events):
Event: 19.601 Thread 0x0000025e7d3bdf00 Exception <a 'java/lang/NoSuchMethodError'{0x0000000088a70860}: 'void java.lang.invoke.DelegatingMethodHandle$Holder.reinvoke_L(java.lang.Object, java.lang.Object, float)'> (0x0000000088a70860) 
thrown [s\open\src\hotspot\share\interpreter\linkResolver.cpp, line 805]
Event: 19.702 Thread 0x0000025e7d3bdf00 Exception <a 'java/lang/IncompatibleClassChangeError'{0x0000000088422920}: Found class java.lang.Object, but interface was expected> (0x0000000088422920) 
thrown [s\open\src\hotspot\share\interpreter\linkResolver.cpp, line 872]
Event: 20.249 Thread 0x0000025e0089b3f0 Exception <a 'java/lang/NoSuchMethodError'{0x000000008ba83868}: 'java.lang.Object java.lang.invoke.DirectMethodHandle$Holder.newInvokeSpecial(java.lang.Object, java.lang.Object, long)'> (0x000000008ba83868) 
thrown [s\open\src\hotspot\share\interpreter\linkResolver.cpp, line 805]
Event: 20.249 Thread 0x0000025e0089b3f0 Exception <a 'java/lang/NoSuchMethodError'{0x000000008ba8b750}: 'java.lang.Object java.lang.invoke.Invokers$Holder.linkToTargetMethod(java.lang.Object, long, java.lang.Object)'> (0x000000008ba8b750) 
thrown [s\open\src\hotspot\share\interpreter\linkResolver.cpp, line 805]
Event: 20.250 Thread 0x0000025e0089b3f0 Exception <a 'java/lang/NoSuchMethodError'{0x000000008baa30b0}: 'java.lang.Object java.lang.invoke.DirectMethodHandle$Holder.newInvokeSpecial(java.lang.Object, long, long)'> (0x000000008baa30b0) 
thrown [s\open\src\hotspot\share\interpreter\linkResolver.cpp, line 805]
Event: 20.440 Thread 0x0000025e7d3bdf00 Exception <a 'java/lang/NoSuchMethodError'{0x000000008b3b7d98}: 'java.lang.Object java.lang.invoke.DirectMethodHandle$Holder.newInvokeSpecial(java.lang.Object, java.lang.Object, int, java.lang.Object, java.lang.Object)'> (0x000000008b3b7d98) 
thrown [s\open\src\hotspot\share\interpreter\linkResolver.cpp, line 805]
Event: 20.477 Thread 0x0000025e7d3bdf00 Exception <a 'java/lang/NoSuchMethodError'{0x000000008aee65a8}: 'java.lang.Object java.lang.invoke.DirectMethodHandle$Holder.invokeStatic(java.lang.Object, java.lang.Object, long)'> (0x000000008aee65a8) 
thrown [s\open\src\hotspot\share\interpreter\linkResolver.cpp, line 805]
Event: 20.678 Thread 0x0000025e00d6c710 Exception <a 'java/lang/NoSuchMethodError'{0x000000008a46f688}: 'java.lang.Object java.lang.invoke.DelegatingMethodHandle$Holder.reinvoke_L(java.lang.Object, java.lang.Object, java.lang.Object, int, java.lang.Object, java.lang.Object, int)'> (0x000000008a46f688) 
thrown [s\open\src\hotspot\share\interpreter\linkResolver.cpp, line 805]
Event: 20.678 Thread 0x0000025e00d6b870 Exception <a 'java/lang/NoSuchMethodError'{0x000000008a53d840}: 'java.lang.Object java.lang.invoke.DelegatingMethodHandle$Holder.reinvoke_L(java.lang.Object, java.lang.Object, java.lang.Object, int, java.lang.Object, java.lang.Object, int)'> (0x000000008a53d840) 
thrown [s\open\src\hotspot\share\interpreter\linkResolver.cpp, line 805]
Event: 23.885 Thread 0x0000025e00d6fa40 Exception <a 'java/lang/NoSuchMethodError'{0x0000000089ac57a0}: 'java.lang.Object java.lang.invoke.DelegatingMethodHandle$Holder.reinvoke_L(java.lang.Object, java.lang.Object, int, java.lang.Object, java.lang.Object)'> (0x0000000089ac57a0) 
thrown [s\open\src\hotspot\share\interpreter\linkResolver.cpp, line 805]
Event: 23.976 Thread 0x0000025e00d70190 Exception <a 'java/lang/NoSuchMethodError'{0x00000000895e8980}: 'void java.lang.invoke.DirectMethodHandle$Holder.invokeSpecial(java.lang.Object, java.lang.Object, long, java.lang.Object, java.lang.Object)'> (0x00000000895e8980) 
thrown [s\open\src\hotspot\share\interpreter\linkResolver.cpp, line 805]
Event: 24.003 Thread 0x0000025e00d6fa40 Exception <a 'java/lang/NoSuchMethodError'{0x00000000891e11e0}: 'java.lang.Object java.lang.invoke.DelegatingMethodHandle$Holder.reinvoke_L(java.lang.Object, java.lang.Object, long, java.lang.Object, java.lang.Object)'> (0x00000000891e11e0) 
thrown [s\open\src\hotspot\share\interpreter\linkResolver.cpp, line 805]
Event: 24.003 Thread 0x0000025e00d70190 Exception <a 'java/lang/NoSuchMethodError'{0x0000000089019ef8}: 'java.lang.Object java.lang.invoke.DelegatingMethodHandle$Holder.reinvoke_L(java.lang.Object, java.lang.Object, long, java.lang.Object, java.lang.Object)'> (0x0000000089019ef8) 
thrown [s\open\src\hotspot\share\interpreter\linkResolver.cpp, line 805]
Event: 24.006 Thread 0x0000025e00d70190 Exception <a 'java/lang/NoSuchMethodError'{0x00000000890885b0}: 'java.lang.Object java.lang.invoke.DirectMethodHandle$Holder.invokeStatic(java.lang.Object, java.lang.Object, java.lang.Object, java.lang.Object, long)'> (0x00000000890885b0) 
thrown [s\open\src\hotspot\share\interpreter\linkResolver.cpp, line 805]
Event: 24.596 Thread 0x0000025e00d6b870 Exception <a 'java/lang/NoSuchMethodError'{0x0000000088f67590}: 'java.lang.Object java.lang.invoke.DirectMethodHandle$Holder.newInvokeSpecial(java.lang.Object, int, java.lang.Object, java.lang.Object)'> (0x0000000088f67590) 
thrown [s\open\src\hotspot\share\interpreter\linkResolver.cpp, line 805]
Event: 24.596 Thread 0x0000025e00d70190 Exception <a 'java/lang/NoSuchMethodError'{0x0000000088f354e0}: 'java.lang.Object java.lang.invoke.DirectMethodHandle$Holder.newInvokeSpecial(java.lang.Object, int, java.lang.Object, java.lang.Object)'> (0x0000000088f354e0) 
thrown [s\open\src\hotspot\share\interpreter\linkResolver.cpp, line 805]
Event: 24.596 Thread 0x0000025e00d6c710 Exception <a 'java/lang/NoSuchMethodError'{0x0000000088eb0e40}: 'java.lang.Object java.lang.invoke.DirectMethodHandle$Holder.newInvokeSpecial(java.lang.Object, int, java.lang.Object, java.lang.Object)'> (0x0000000088eb0e40) 
thrown [s\open\src\hotspot\share\interpreter\linkResolver.cpp, line 805]
Event: 24.596 Thread 0x0000025e00d6fa40 Exception <a 'java/lang/NoSuchMethodError'{0x0000000088faed50}: 'java.lang.Object java.lang.invoke.DirectMethodHandle$Holder.newInvokeSpecial(java.lang.Object, int, java.lang.Object, java.lang.Object)'> (0x0000000088faed50) 
thrown [s\open\src\hotspot\share\interpreter\linkResolver.cpp, line 805]
Event: 24.596 Thread 0x0000025e00d6dd00 Exception <a 'java/lang/NoSuchMethodError'{0x0000000088fcd3f0}: 'java.lang.Object java.lang.invoke.DirectMethodHandle$Holder.newInvokeSpecial(java.lang.Object, int, java.lang.Object, java.lang.Object)'> (0x0000000088fcd3f0) 
thrown [s\open\src\hotspot\share\interpreter\linkResolver.cpp, line 805]
Event: 24.596 Thread 0x0000025e00d708e0 Exception <a 'java/lang/NoSuchMethodError'{0x0000000088e9cff0}: 'java.lang.Object java.lang.invoke.DirectMethodHandle$Holder.newInvokeSpecial(java.lang.Object, int, java.lang.Object, java.lang.Object)'> (0x0000000088e9cff0) 
thrown [s\open\src\hotspot\share\interpreter\linkResolver.cpp, line 805]

VM Operations (20 events):
Event: 120.290 Executing VM operation: HandshakeAllThreads (HandshakeForDeflation)
Event: 120.290 Executing VM operation: HandshakeAllThreads (HandshakeForDeflation) done
Event: 120.290 Executing VM operation: RendezvousGCThreads
Event: 120.290 Executing VM operation: RendezvousGCThreads done
Event: 148.032 Executing VM operation: G1CollectForAllocation (G1 Evacuation Pause)
Event: 148.037 Executing VM operation: G1CollectForAllocation (G1 Evacuation Pause) done
Event: 180.432 Executing VM operation: HandshakeAllThreads (HandshakeForDeflation)
Event: 180.432 Executing VM operation: HandshakeAllThreads (HandshakeForDeflation) done
Event: 180.432 Executing VM operation: RendezvousGCThreads
Event: 180.432 Executing VM operation: RendezvousGCThreads done
Event: 240.628 Executing VM operation: HandshakeAllThreads (HandshakeForDeflation)
Event: 240.656 Executing VM operation: HandshakeAllThreads (HandshakeForDeflation) done
Event: 240.656 Executing VM operation: RendezvousGCThreads
Event: 240.656 Executing VM operation: RendezvousGCThreads done
Event: 274.479 Executing VM operation: G1CollectForAllocation (G1 Evacuation Pause)
Event: 286.525 Executing VM operation: G1CollectForAllocation (G1 Evacuation Pause) done
Event: 289.525 Executing VM operation: G1CollectForAllocation (G1 Evacuation Pause)
Event: 290.086 Executing VM operation: G1CollectForAllocation (G1 Evacuation Pause) done
Event: 290.275 Executing VM operation: G1PauseRemark
Event: 290.919 Executing VM operation: G1PauseRemark done

Memory protections (0 events):
No events

Nmethod flushes (20 events):
Event: 290.902 Thread 0x0000025e78002580 flushing  nmethod 0x0000025e2f783588
Event: 290.902 Thread 0x0000025e78002580 flushing  nmethod 0x0000025e2f783888
Event: 290.902 Thread 0x0000025e78002580 flushing  nmethod 0x0000025e2f783b88
Event: 290.902 Thread 0x0000025e78002580 flushing  nmethod 0x0000025e2f790a88
Event: 290.902 Thread 0x0000025e78002580 flushing  nmethod 0x0000025e2f795108
Event: 290.902 Thread 0x0000025e78002580 flushing  nmethod 0x0000025e2f795708
Event: 290.902 Thread 0x0000025e78002580 flushing  nmethod 0x0000025e2f795d08
Event: 290.902 Thread 0x0000025e78002580 flushing  nmethod 0x0000025e2f796608
Event: 290.902 Thread 0x0000025e78002580 flushing  nmethod 0x0000025e2f79c308
Event: 290.902 Thread 0x0000025e78002580 flushing  nmethod 0x0000025e2f79ce08
Event: 290.902 Thread 0x0000025e78002580 flushing  nmethod 0x0000025e2f79d108
Event: 290.902 Thread 0x0000025e78002580 flushing  nmethod 0x0000025e2f79d408
Event: 290.902 Thread 0x0000025e78002580 flushing  nmethod 0x0000025e2f79d708
Event: 290.902 Thread 0x0000025e78002580 flushing  nmethod 0x0000025e2f79da08
Event: 290.902 Thread 0x0000025e78002580 flushing  nmethod 0x0000025e2f79e488
Event: 290.902 Thread 0x0000025e78002580 flushing osr nmethod 0x0000025e2f79eb08
Event: 290.903 Thread 0x0000025e78002580 flushing  nmethod 0x0000025e2f7a5488
Event: 290.903 Thread 0x0000025e78002580 flushing  nmethod 0x0000025e2f7a5f88
Event: 290.903 Thread 0x0000025e78002580 flushing  nmethod 0x0000025e2f809008
Event: 290.903 Thread 0x0000025e78002580 flushing  nmethod 0x0000025e2f80a388

Events (20 events):
Event: 20.726 Thread 0x0000025e7d3bdf00 Thread added: 0x0000025e00d71ed0
Event: 20.726 Thread 0x0000025e7d3bdf00 Thread added: 0x0000025e00d6fa40
Event: 20.744 Thread 0x0000025e00d6dd00 Thread added: 0x0000025e00d6f2f0
Event: 20.755 Thread 0x0000025e7d3bdf00 Thread added: 0x0000025e00d71030
Event: 20.775 Thread 0x0000025e7d3bdf00 Thread exited: 0x0000025e7d3bdf00
Event: 20.782 Thread 0x0000025e00d708e0 Thread added: 0x0000025e00d71780
Event: 20.782 Thread 0x0000025e7d3bb0e0 Thread exited: 0x0000025e7d3bb0e0
Event: 20.782 Thread 0x0000025e2623ade0 Thread exited: 0x0000025e2623ade0
Event: 20.782 Thread 0x0000025e7d8a7c60 Thread added: 0x0000025e7d8a7c60
Event: 20.797 Thread 0x0000025e00d70190 Thread added: 0x0000025e7d8a99a0
Event: 20.813 Thread 0x0000025e00d6fa40 Thread added: 0x0000025e7d8a9250
Event: 24.584 Thread 0x0000025e7d628ae0 Thread exited: 0x0000025e7d628ae0
Event: 24.584 Thread 0x0000025e7d10a0a0 Thread exited: 0x0000025e7d10a0a0
Event: 25.119 Thread 0x0000025e7817a4b0 Thread exited: 0x0000025e7817a4b0
Event: 35.211 Thread 0x0000025e7804f9e0 Thread added: 0x0000025e00e398b0
Event: 36.723 Thread 0x0000025e00e398b0 Thread exited: 0x0000025e00e398b0
Event: 46.803 Thread 0x0000025e7804f9e0 Thread added: 0x0000025e00e398b0
Event: 46.803 Thread 0x0000025e7804f9e0 Thread added: 0x0000025e7e63f0b0
Event: 57.454 Thread 0x0000025e7e63f0b0 Thread exited: 0x0000025e7e63f0b0
Event: 59.901 Thread 0x0000025e00e398b0 Thread exited: 0x0000025e00e398b0


Dynamic libraries:
0x00007ff6953c0000 - 0x00007ff6953ce000 	C:\Users\84862\.jdks\openjdk-24.0.2+12-54\bin\java.exe
0x00007ffcfc880000 - 0x00007ffcfcae7000 	C:\WINDOWS\SYSTEM32\ntdll.dll
0x00007ffcfb8c0000 - 0x00007ffcfb989000 	C:\WINDOWS\System32\KERNEL32.DLL
0x00007ffcf9ca0000 - 0x00007ffcfa097000 	C:\WINDOWS\System32\KERNELBASE.dll
0x00007ffcfa2a0000 - 0x00007ffcfa3eb000 	C:\WINDOWS\System32\ucrtbase.dll
0x00007ffce50e0000 - 0x00007ffce50f6000 	C:\Users\84862\.jdks\openjdk-24.0.2+12-54\bin\jli.dll
0x00007ffcec680000 - 0x00007ffcec69b000 	C:\Users\84862\.jdks\openjdk-24.0.2+12-54\bin\VCRUNTIME140.dll
0x00007ffcfbfb0000 - 0x00007ffcfc176000 	C:\WINDOWS\System32\USER32.dll
0x00007ffce3640000 - 0x00007ffce38d2000 	C:\WINDOWS\WinSxS\amd64_microsoft.windows.common-controls_6595b64144ccf1df_6.0.26100.8457_none_3e0b2faee331e92d\COMCTL32.dll
0x00007ffcfa520000 - 0x00007ffcfa547000 	C:\WINDOWS\System32\win32u.dll
0x00007ffcfb700000 - 0x00007ffcfb7a9000 	C:\WINDOWS\System32\msvcrt.dll
0x00007ffcfb7b0000 - 0x00007ffcfb7db000 	C:\WINDOWS\System32\GDI32.dll
0x00007ffcfa3f0000 - 0x00007ffcfa51c000 	C:\WINDOWS\System32\gdi32full.dll
0x00007ffcfa0a0000 - 0x00007ffcfa143000 	C:\WINDOWS\System32\msvcp_win.dll
0x00007ffcfc240000 - 0x00007ffcfc272000 	C:\WINDOWS\System32\IMM32.DLL
0x00007ffce50d0000 - 0x00007ffce50dc000 	C:\Users\84862\.jdks\openjdk-24.0.2+12-54\bin\vcruntime140_1.dll
0x00007ffcc94c0000 - 0x00007ffcc954e000 	C:\Users\84862\.jdks\openjdk-24.0.2+12-54\bin\msvcp140.dll
0x00007ffc53fc0000 - 0x00007ffc54d61000 	C:\Users\84862\.jdks\openjdk-24.0.2+12-54\bin\server\jvm.dll
0x00007ffcfb640000 - 0x00007ffcfb6f6000 	C:\WINDOWS\System32\ADVAPI32.dll
0x00007ffcfacb0000 - 0x00007ffcfad57000 	C:\WINDOWS\System32\sechost.dll
0x00007ffcfbc00000 - 0x00007ffcfbd18000 	C:\WINDOWS\System32\RPCRT4.dll
0x00007ffcfb560000 - 0x00007ffcfb5e0000 	C:\WINDOWS\System32\WS2_32.dll
0x00007ffcf9110000 - 0x00007ffcf916e000 	C:\WINDOWS\SYSTEM32\POWRPROF.dll
0x00007ffce6d10000 - 0x00007ffce6d46000 	C:\WINDOWS\SYSTEM32\WINMM.dll
0x00007ffcf1da0000 - 0x00007ffcf1dab000 	C:\WINDOWS\SYSTEM32\VERSION.dll
0x00007ffcf90f0000 - 0x00007ffcf9104000 	C:\WINDOWS\SYSTEM32\UMPDC.dll
0x00007ffcf8010000 - 0x00007ffcf802b000 	C:\WINDOWS\SYSTEM32\kernel.appcore.dll
0x00007ffce50c0000 - 0x00007ffce50ca000 	C:\Users\84862\.jdks\openjdk-24.0.2+12-54\bin\jimage.dll
0x00007ffcf7200000 - 0x00007ffcf7442000 	C:\WINDOWS\SYSTEM32\DBGHELP.DLL
0x00007ffcfc280000 - 0x00007ffcfc603000 	C:\WINDOWS\System32\combase.dll
0x00007ffcfb7e0000 - 0x00007ffcfb8b9000 	C:\WINDOWS\System32\OLEAUT32.dll
0x00007ffcccb90000 - 0x00007ffcccbcb000 	C:\WINDOWS\SYSTEM32\dbgcore.DLL
0x00007ffcfa550000 - 0x00007ffcfa5f8000 	C:\WINDOWS\System32\bcryptPrimitives.dll
0x00007ffcc9380000 - 0x00007ffcc938f000 	C:\Users\84862\.jdks\openjdk-24.0.2+12-54\bin\instrument.dll
0x00007ffcc94a0000 - 0x00007ffcc94be000 	C:\Users\84862\.jdks\openjdk-24.0.2+12-54\bin\java.dll
0x00007ffcfc6a0000 - 0x00007ffcfc837000 	C:\WINDOWS\System32\ole32.dll
0x00007ffcfade0000 - 0x00007ffcfb54e000 	C:\WINDOWS\System32\SHELL32.dll
0x00007ffcf92b0000 - 0x00007ffcf9b1c000 	C:\WINDOWS\System32\windows.storage.dll
0x00007ffcfab40000 - 0x00007ffcfac36000 	C:\WINDOWS\System32\SHCORE.dll
0x00007ffcfad60000 - 0x00007ffcfadc6000 	C:\WINDOWS\System32\shlwapi.dll
0x00007ffcf91d0000 - 0x00007ffcf91f9000 	C:\WINDOWS\SYSTEM32\profapi.dll
0x00007ffca0310000 - 0x00007ffca0327000 	C:\Users\84862\.jdks\openjdk-24.0.2+12-54\bin\zip.dll
0x00007ffcc93b0000 - 0x00007ffcc93c0000 	C:\Users\84862\.jdks\openjdk-24.0.2+12-54\bin\net.dll
0x00007ffcf85b0000 - 0x00007ffcf861c000 	C:\WINDOWS\system32\mswsock.dll
0x00007ffcc9390000 - 0x00007ffcc93a6000 	C:\Users\84862\.jdks\openjdk-24.0.2+12-54\bin\nio.dll
0x00007ffcc6a50000 - 0x00007ffcc6a59000 	C:\Users\84862\.jdks\openjdk-24.0.2+12-54\bin\extnet.dll
0x00007ffcc65e0000 - 0x00007ffcc65ea000 	C:\Users\84862\.jdks\openjdk-24.0.2+12-54\bin\management.dll
0x00007ffcc5fc0000 - 0x00007ffcc5fcb000 	C:\Users\84862\.jdks\openjdk-24.0.2+12-54\bin\management_ext.dll
0x00007ffcfb990000 - 0x00007ffcfb998000 	C:\WINDOWS\System32\PSAPI.DLL
0x00007ffcc6c00000 - 0x00007ffcc6c0e000 	C:\Users\84862\.jdks\openjdk-24.0.2+12-54\bin\sunmscapi.dll
0x00007ffcf9b20000 - 0x00007ffcf9c98000 	C:\WINDOWS\System32\CRYPT32.dll
0x00007ffcf8ab0000 - 0x00007ffcf8ae0000 	C:\WINDOWS\SYSTEM32\ncrypt.dll
0x00007ffcf8a60000 - 0x00007ffcf8a9f000 	C:\WINDOWS\SYSTEM32\NTASN1.dll
0x00007ffcf8890000 - 0x00007ffcf88ab000 	C:\WINDOWS\SYSTEM32\CRYPTSP.dll
0x00007ffcf7f70000 - 0x00007ffcf7fa9000 	C:\WINDOWS\system32\rsaenh.dll
0x00007ffcf8660000 - 0x00007ffcf8693000 	C:\WINDOWS\SYSTEM32\USERENV.dll
0x00007ffcf91a0000 - 0x00007ffcf91ca000 	C:\WINDOWS\SYSTEM32\bcrypt.dll
0x00007ffcf88b0000 - 0x00007ffcf88bc000 	C:\WINDOWS\SYSTEM32\CRYPTBASE.dll
0x00007ffcf79f0000 - 0x00007ffcf7a22000 	C:\WINDOWS\SYSTEM32\IPHLPAPI.DLL
0x00007ffcfbd20000 - 0x00007ffcfbd2a000 	C:\WINDOWS\System32\NSI.dll
0x00007ffce3550000 - 0x00007ffce3568000 	C:\WINDOWS\system32\napinsp.dll
0x00007ffcf7a80000 - 0x00007ffcf7bb2000 	C:\WINDOWS\SYSTEM32\DNSAPI.dll
0x00007ffcdbd00000 - 0x00007ffcdbd13000 	C:\WINDOWS\System32\winrnr.dll
0x00007ffcdbaa0000 - 0x00007ffcdbac2000 	C:\WINDOWS\system32\nlansp_c.dll
0x00007ffcdb8c0000 - 0x00007ffcdb8d6000 	C:\WINDOWS\system32\wshbth.dll
0x00007ffcf1420000 - 0x00007ffcf142b000 	C:\Windows\System32\rasadhlp.dll
0x00007ffcec8a0000 - 0x00007ffcec926000 	C:\WINDOWS\System32\fwpuclnt.dll
0x00007ffcf1460000 - 0x00007ffcf147d000 	C:\WINDOWS\SYSTEM32\dhcpcsvc6.DLL
0x00007ffcf1430000 - 0x00007ffcf1455000 	C:\WINDOWS\SYSTEM32\dhcpcsvc.DLL
0x00007ffcdfd30000 - 0x00007ffcdfd38000 	C:\WINDOWS\system32\wshunix.dll

JVMTI agents:
E:\IntelliJ IDEA 2025.3.1\lib\idea_rt.jar path:C:\Users\84862\.jdks\openjdk-24.0.2+12-54\bin\instrument.dll, loaded, initialized, instrumentlib options:52618

dbghelp: loaded successfully - version: 4.0.5 - missing functions: none
symbol engine: initialized successfully - sym options: 0x614 - pdb path: .;C:\Users\84862\.jdks\openjdk-24.0.2+12-54\bin;C:\WINDOWS\SYSTEM32;C:\WINDOWS\WinSxS\amd64_microsoft.windows.common-controls_6595b64144ccf1df_6.0.26100.8457_none_3e0b2faee331e92d;C:\Users\84862\.jdks\openjdk-24.0.2+12-54\bin\server

VM Arguments:
jvm_args: -XX:TieredStopAtLevel=1 -Dspring.output.ansi.enabled=always -javaagent:E:\IntelliJ IDEA 2025.3.1\lib\idea_rt.jar=52618 -Dfile.encoding=UTF-8 -Dsun.stdout.encoding=UTF-8 -Dsun.stderr.encoding=UTF-8 
java_command: com.KhoiCG.TMDT.TmdtApplication
java_class_path (initial): C:\Users\84862\OneDrive\Máy tính\TMDT\TMDT_Backend\target\classes;C:\Users\84862\.m2\repository\org\springframework\boot\spring-boot-starter-validation\4.0.1\spring-boot-starter-validation-4.0.1.jar;C:\Users\84862\.m2\repository\org\springframework\boot\spring-boot-starter\4.0.1\spring-boot-starter-4.0.1.jar;C:\Users\84862\.m2\repository\org\springframework\boot\spring-boot-starter-logging\4.0.1\spring-boot-starter-logging-4.0.1.jar;C:\Users\84862\.m2\repository\ch\qos\logback\logback-classic\1.5.22\logback-classic-1.5.22.jar;C:\Users\84862\.m2\repository\ch\qos\logback\logback-core\1.5.22\logback-core-1.5.22.jar;C:\Users\84862\.m2\repository\org\apache\logging\log4j\log4j-to-slf4j\2.25.3\log4j-to-slf4j-2.25.3.jar;C:\Users\84862\.m2\repository\org\slf4j\jul-to-slf4j\2.0.17\jul-to-slf4j-2.0.17.jar;C:\Users\84862\.m2\repository\jakarta\annotation\jakarta.annotation-api\3.0.0\jakarta.annotation-api-3.0.0.jar;C:\Users\84862\.m2\repository\org\yaml\snakeyaml\2.5\snakeyaml-2.5.jar;C:\Users\84862\.m2\repository\org\springframework\boot\spring-boot-validation\4.0.1\spring-boot-validation-4.0.1.jar;C:\Users\84862\.m2\repository\org\apache\tomcat\embed\tomcat-embed-el\11.0.15\tomcat-embed-el-11.0.15.jar;C:\Users\84862\.m2\repository\org\hibernate\validator\hibernate-validator\9.0.1.Final\hibernate-validator-9.0.1.Final.jar;C:\Users\84862\.m2\repository\jakarta\validation\jakarta.validation-api\3.1.1\jakarta.validation-api-3.1.1.jar;C:\Users\84862\.m2\repository\org\jboss\logging\jboss-logging\3.6.1.Final\jboss-logging-3.6.1.Final.jar;C:\Users\84862\.m2\repository\com\fasterxml\classmate\1.7.1\classmate-1.7.1.jar;C:\Users\84862\.m2\repository\org\springframework\boot\spring-boot-starter-data-redis\4.0.1\spring-boot-starter-data-redis-4.0.1.jar;C:\Users\84862\.m2\repository\org\springframework\boot\spring-boot-data-redis\4.0.1\spring-boot-data-redis-4.0.1.jar;C:\Users\84862\.m2\repository\org\springframework\boot\spring-boot-data-commons\4.0.1\spring-boot-data-commons-4.0.1.jar;C:\Users\84862\.m2\repository\org\springframework\boot\spring-boot-persistence\4.0.1\spring-boot-persistence-4.0.1.jar;C:\Users\84862\.m2\repository\org\springframework\data\spring-data-commons\4.0.1\spring-data-commons-4.0.1.jar;C:\Users\84862\.m2\repository\org\springframework\boot\spring-boot-transaction\4.0.1\spring-boot-transaction-4.0.1.jar;C:\Users\84862\.m2\repository\org\springframework\spring-tx\7.0.2\spring-tx-7.0.2.jar;C:\Users\84862\.m2\repository\io\lettuce\lettuce-core\6.8.1.RELEASE\lettuce-core-6.8.1.RELEASE.jar;C:\Users\84862\.m2\repository\redis\clients\authentication\redis-authx-core\0.1.1-beta2\redis-authx-core-0.1.1-beta2.jar;C:\Users\84862\.m2\repository\io\netty\netty-common\4.2.9.Final\netty-common-4.2.9.Final.jar;C:\Users\84862\.m2\repository\io\netty\netty-handler\4.2.9.Final\netty-handler-4.2.9.Final.jar;C:\Users\84862\.m2\repository\io\netty\netty-resolver\4.2.9.Final\netty-resolver-4.2.9.Final.jar;C:\Users\84862\.m2\repository\io\netty\netty-buffer\4.2.9.Final\netty-buffer-4.2.9.Final.jar;C:\Users\84862\.m2\repository\io\netty\netty-transport-native-unix-common\4.2.9.Final\netty-transport-native-unix-common-4.2.9.Final.jar;C:\Users\84862\.m2\repository\io\netty\netty-codec-base\4.2.9.Final\netty-codec-base-4.2.9.Final.jar;C:\Users\84862\.m2\repository\io\netty\netty-transport\4.2.9.Final\netty-transport-4.2.9.Final.jar;C:\Users\84862\.m2\repository\io\projectreactor\reactor-core\3.8.1\reactor-core-3.8.1.jar;C:\Users\84862\.m2\repository\org\reactivestreams\reactive-streams\1.0.4\reactive-streams-1.0.4.jar;C:\Users\84862\.m2\repository\io\netty\netty-resolver-dns\4.2.9.Final\netty-resolver-dns-4.2.9.Final.jar;C:\Users\84862\.m2\repository\io\netty\netty-codec-dns\4.2.9.Final\netty-codec-dns-4.2.9.Final.jar;C:\Users\84862\.m2\repository\org\springframework\data\spring-data-redis\4.0.1\spring-data-redis-4.0.1.jar;C:\Users\84862\.m2\repository\org\springframework\data\spring-data-keyvalue\4.0.1\spring-data-keyvalue-4.0.1.jar;C:\Users\84862\.m2\repository\org\springframework\spring-oxm\7.0.2\spring-oxm-7.0.2.jar;C:\Users\84862\.m2\repository\org\springframework\boot\spring-boot-netty\4.0.1\spring-boot-netty-4.0.1.jar;C:\Users\84862\.m2\repository\org\springframework\boot\spring-boot-starter-cache\4.0.1\spring-boot-starter-cache-4.0.1.jar;C:\Users\84862\.m2\repository\org\springframework\boot\spring-boot-cache\4.0.1\spring-boot-cache-4.0.1.jar;C:\Users\84862\.m2\repository\org\springframework\spring-context-support\7.0.2\spring-context-support-7.0.2.jar;C:\Users\84862\.m2\repository\org\springframework\boot\spring-boot-starter-thymeleaf\4.0.1\spring-boot-starter-thymeleaf-4.0.1.jar;C:\Users\84862\.m2\repository\org\springframework\boot\spring-boot-thymeleaf\4.0.1\spring-boot-thymeleaf-4.0.1.jar;C:\Users\84862\.m2\repository\org\thymeleaf\thymeleaf-spring6\3.1.3.RELEASE\thymeleaf-spring6-3.1.3.RELEASE.jar;C:\Users\84862\.m2\repository\org\thymeleaf\thymeleaf\3.1.3.RELEASE\thymeleaf-3.1.3.RELEASE.jar;C:\Users\84862\.m2\repository\org\attoparser\attoparser\2.0.7.RELEASE\attoparser-2.0.7.RELEASE.jar;C:\Users\84862\.m2\repository\org\unbescape\unbescape\1.1.6.RELEASE\unbescape-1.1.6.RELEASE.jar;C:\Users\84862\.m2\repository\org\springframework\spring-web\7.0.2\spring-web-7.0.2.jar;C:\Users\84862\.m2\repository\org\springframework\boot\spring-boot-starter-web\4.0.1\spring-boot-starter-web-4.0.1.jar;C:\Users\84862\.m2\repository\org\springframework\boot\spring-boot-starter-jackson\4.0.1\spring-boot-starter-jackson-4.0.1.jar;C:\Users\84862\.m2\repository\org\springframework\boot\spring-boot-jackson\4.0.1\spring-boot-jackson-4.0.1.jar;C:\Users\84862\.m2\repository\tools\jackson\core\jackson-databind\3.0.3\jackson-databind-3.0.3.jar;C:\Users\84862\.m2\repository\tools\jackson\core\jackson-core\3.0.3\jackson-core-3.0.3.jar;C:\Users\84862\.m2\repository\org\springframework\boot\spring-boot-starter-tomcat\4.0.1\spring-boot-starter-tomcat-4.0.1.jar;C:\Users\84862\.m2\repository\org\springframework\boot\spring-boot-starter-tomcat-runtime\4.0.1\spring-boot-starter-tomcat-runtime-4.0.1.jar;C:\Users\84862\.m2\repository\org\apache\tomcat\embed\tomcat-embed-core\11.0.15\tomcat-embed-core-11.0.15.jar;C:\Users\84862\.m2\repository\org\apache\tomcat\embed\tomcat-embed-websocket\11.0.15\tomcat-embed-websocket-11.0.15.jar;C:\Users\84862\.m2\repository\org\springframework\boot\spring-boot-tomcat\4.0.1\spring-boot-tomcat-4.0.1.jar;C:\Users\84862\.m2\repository\org\springframework\boot\spring-boot-http-converter\4.0.1\spring-boot-http-converter-4.0.1.jar;C:\Users\84862\.m2\repository\org\springframework\boot\spring-boot-webmvc\4.0.1\spring-boot-webmvc-4.0.1.jar;C:\Users\84862\.m2\repository\org\springframework\boot\spring-boot-servlet\4.0.1\spring-boot-servlet-4.0.1.jar;C:\Users\84862\.m2\repository\org\springframework\spring-webmvc\7.0.2\spring-webmvc-7.0.2.jar;C:\Users\84862\.m2\repository\org\springframework\boot\spring-boot-starter-data-jpa\4.0.1\spring-boot-starter-data-jpa-4.0.1.jar;C:\Users\84862\.m2\repository\org\springframework\boot\spring-boot-starter-jdbc\4.0.1\spring-boot-starter-jdbc-4.0.1.jar;C:\Users\84862\.m2\repository\com\zaxxer\HikariCP\7.0.2\HikariCP-7.0.2.jar;C:\Users\84862\.m2\repository\org\springframework\boot\spring-boot-data-jpa\4.0.1\spring-boot-data-jpa-4.0.1.jar;C:\Users\84862\.m2\repository\org\springframework\boot\spring-boot-hibernate\4.0.1\spring-boot-hibernate-4.0.1.jar;C:\Users\84862\.m2\repository\org\springframework\boot\spring-boot-jpa\4.0.1\spring-boot-jpa-4.0.1.jar;C:\Users\84862\.m2\repository\jakarta\persistence\jakarta.persistence-api\3.2.0\jakarta.persistence-api-3.2.0.jar;C:\Users\84862\.m2\repository\org\hibernate\orm\hibernate-core\7.2.0.Final\hibernate-core-7.2.0.Final.jar;C:\Users\84862\.m2\repository\jakarta\transaction\jakarta.transaction-api\2.0.1\jakarta.transaction-api-2.0.1.jar;C:\Users\84862\.m2\repository\org\hibernate\models\hibernate-models\1.0.1\hibernate-models-1.0.1.jar;C:\Users\84862\.m2\repository\org\glassfish\jaxb\jaxb-runtime\4.0.6\jaxb-runtime-4.0.6.jar;C:\Users\84862\.m2\repository\org\glassfish\jaxb\jaxb-core\4.0.6\jaxb-core-4.0.6.jar;C:\Users\84862\.m2\repository\org\glassfish\jaxb\txw2\4.0.6\txw2-4.0.6.jar;C:\Users\84862\.m2\repository\com\sun\istack\istack-commons-runtime\4.1.2\istack-commons-runtime-4.1.2.jar;C:\Users\84862\.m2\repository\jakarta\inject\jakarta.inject-api\2.0.1\jakarta.inject-api-2.0.1.jar;C:\Users\84862\.m2\repository\org\springframework\spring-orm\7.0.2\spring-orm-7.0.2.jar;C:\Users\84862\.m2\repository\org\springframework\data\spring-data-jpa\4.0.1\spring-data-jpa-4.0.1.jar;C:\Users\84862\.m2\repository\org\antlr\antlr4-runtime\4.13.2\antlr4-runtime-4.13.2.jar;C:\Users\84862\.m2\repository\org\springframework\spring-aspects\7.0.2\spring-aspects-7.0.2.jar;C:\Users\84862\.m2\repository\org\aspectj\aspectjweaver\1.9.25.1\aspectjweaver-1.9.25.1.jar;C:\Users\84862\.m2\repository\org\springframework\boot\spring-boot-jdbc\4.0.1\spring-boot-jdbc-4.0.1.jar;C:\Users\84862\.m2\repository\org\springframework\boot\spring-boot-sql\4.0.1\spring-boot-sql-4.0.1.jar;C:\Users\84862\.m2\repository\org\springframework\spring-jdbc\7.0.2\spring-jdbc-7.0.2.jar;C:\Users\84862\.m2\repository\org\springframework\boot\spring-boot-starter-security\4.0.1\spring-boot-starter-security-4.0.1.jar;C:\Users\84862\.m2\repository\org\springframework\boot\spring-boot-security\4.0.1\spring-boot-security-4.0.1.jar;C:\Users\84862\.m2\repository\org\springframework\security\spring-security-config\7.0.2\spring-security-config-7.0.2.jar;C:\Users\84862\.m2\repository\org\springframework\security\spring-security-web\7.0.2\spring-security-web-7.0.2.jar;C:\Users\84862\.m2\repository\org\springframework\spring-aop\7.0.2\spring-aop-7.0.2.jar;C:\Users\84862\.m2\repository\org\springframework\spring-beans\7.0.2\spring-beans-7.0.2.jar;C:\Users\84862\.m2\repository\org\springframework\boot\spring-boot-starter-security-oauth2-client\4.0.1\spring-boot-starter-security-oauth2-client-4.0.1.jar;C:\Users\84862\.m2\repository\org\springframework\boot\spring-boot-security-oauth2-client\4.0.1\spring-boot-security-oauth2-client-4.0.1.jar;C:\Users\84862\.m2\repository\org\springframework\security\spring-security-oauth2-client\7.0.2\spring-security-oauth2-client-7.0.2.jar;C:\Users\84862\.m2\repository\com\nimbusds\oauth2-oidc-sdk\11.26.1\oauth2-oidc-sdk-11.26.1.jar;C:\Users\84862\.m2\repository\com\github\stephenc\jcip\jcip-annotations\1.0-1\jcip-annotations-1.0-1.jar;C:\Users\84862\.m2\repository\com\nimbusds\content-type\2.3\content-type-2.3.jar;C:\Users\84862\.m2\repository\com\nimbusds\lang-tag\1.7\lang-tag-1.7.jar;C:\Users\84862\.m2\repository\org\springframework\security\spring-security-oauth2-jose\7.0.2\spring-security-oauth2-jose-7.0.2.jar;C:\Users\84862\.m2\repository\org\springframework\security\spring-security-core\7.0.2\spring-security-core-7.0.2.jar;C:\Users\84862\.m2\repository\org\springframework\security\spring-security-crypto\7.0.2\spring-security-crypto-7.0.2.jar;C:\Users\84862\.m2\repository\org\springframework\security\spring-security-oauth2-core\7.0.2\spring-security-oauth2-core-7.0.2.jar;C:\Users\84862\.m2\repository\com\nimbusds\nimbus-jose-jwt\10.4\nimbus-jose-jwt-10.4.jar;C:\Users\84862\.m2\repository\org\springframework\boot\spring-boot-devtools\4.0.1\spring-boot-devtools-4.0.1.jar;C:\Users\84862\.m2\repository\org\springframework\boot\spring-boot\4.0.1\spring-boot-4.0.1.jar;C:\Users\84862\.m2\repository\org\springframework\boot\spring-boot-autoconfigure\4.0.1\spring-boot-autoconfigure-4.0.1.jar;C:\Users\84862\.m2\repository\com\mysql\mysql-connector-j\9.5.0\mysql-connector-j-9.5.0.jar;C:\Users\84862\.m2\repository\io\jsonwebtoken\jjwt-api\0.13.0\jjwt-api-0.13.0.jar;C:\Users\84862\.m2\repository\io\jsonwebtoken\jjwt-impl\0.13.0\jjwt-impl-0.13.0.jar;C:\Users\84862\.m2\repository\io\jsonwebtoken\jjwt-jackson\0.13.0\jjwt-jackson-0.13.0.jar;C:\Users\84862\.m2\repository\org\springframework\boot\spring-boot-starter-mail\4.0.1\spring-boot-starter-mail-4.0.1.jar;C:\Users\84862\.m2\repository\org\springframework\boot\spring-boot-mail\4.0.1\spring-boot-mail-4.0.1.jar;C:\Users\84862\.m2\repository\jakarta\mail\jakarta.mail-api\2.1.5\jakarta.mail-api-2.1.5.jar;C:\Users\84862\.m2\repository\org\eclipse\angus\angus-mail\2.0.5\angus-mail-2.0.5.jar;C:\Users\84862\.m2\repository\org\eclipse\angus\angus-activation\2.0.3\angus-activation-2.0.3.jar;C:\Users\84862\.m2\repository\org\springframework\boot\spring-boot-starter-kafka\4.0.1\spring-boot-starter-kafka-4.0.1.jar;C:\Users\84862\.m2\repository\org\springframework\boot\spring-boot-kafka\4.0.1\spring-boot-kafka-4.0.1.jar;C:\Users\84862\.m2\repository\org\springframework\kafka\spring-kafka\4.0.1\spring-kafka-4.0.1.jar;C:\Users\84862\.m2\repository\org\springframework\spring-messaging\7.0.2\spring-messaging-7.0.2.jar;C:\Users\84862\.m2\repository\com\fasterxml\jackson\core\jackson-databind\2.20.1\jackson-databind-2.20.1.jar;C:\Users\84862\.m2\repository\com\fasterxml\jackson\core\jackson-annotations\2.20\jackson-annotations-2.20.jar;C:\Users\84862\.m2\repository\com\fasterxml\jackson\core\jackson-core\2.20.1\jackson-core-2.20.1.jar;C:\Users\84862\.m2\repository\org\projectlombok\lombok\1.18.42\lombok-1.18.42.jar;C:\Users\84862\.m2\repository\org\springframework\boot\spring-boot-web-server\4.0.1\spring-boot-web-server-4.0.1.jar;C:\Users\84862\.m2\repository\org\slf4j\slf4j-api\2.0.17\slf4j-api-2.0.17.jar;C:\Users\84862\.m2\repository\org\springframework\spring-context\7.0.2\spring-context-7.0.2.jar;C:\Users\84862\.m2\repository\org\springframework\spring-expression\7.0.2\spring-expression-7.0.2.jar;C:\Users\84862\.m2\repository\io\micrometer\micrometer-observation\1.16.1\micrometer-observation-1.16.1.jar;C:\Users\84862\.m2\repository\io\micrometer\micrometer-commons\1.16.1\micrometer-commons-1.16.1.jar;C:\Users\84862\.m2\repository\com\github\luben\zstd-jni\1.5.6-10\zstd-jni-1.5.6-10.jar;C:\Users\84862\.m2\repository\org\lz4\lz4-java\1.8.0\lz4-java-1.8.0.jar;C:\Users\84862\.m2\repository\org\xerial\snappy\snappy-java\1.1.10.7\snappy-java-1.1.10.7.jar;C:\Users\84862\.m2\repository\org\apache\kafka\kafka-clients\4.1.1\kafka-clients-4.1.1.jar;C:\Users\84862\.m2\repository\org\apache\logging\log4j\log4j-api\2.25.3\log4j-api-2.25.3.jar;C:\Users\84862\.m2\repository\org\jspecify\jspecify\1.0.0\jspecify-1.0.0.jar;C:\Users\84862\.m2\repository\jakarta\xml\bind\jakarta.xml.bind-api\4.0.4\jakarta.xml.bind-api-4.0.4.jar;C:\Users\84862\.m2\repository\jakarta\activation\jakarta.activation-api\2.1.4\jakarta.activation-api-2.1.4.jar;C:\Users\84862\.m2\repository\net\minidev\json-smart\2.6.0\json-smart-2.6.0.jar;C:\Users\84862\.m2\repository\net\minidev\accessors-smart\2.6.0\accessors-smart-2.6.0.jar;C:\Users\84862\.m2\repository\org\ow2\asm\asm\9.7.1\asm-9.7.1.jar;C:\Users\84862\.m2\repository\net\bytebuddy\byte-buddy\1.17.8\byte-buddy-1.17.8.jar;C:\Users\84862\.m2\repository\org\springframework\spring-core\7.0.2\spring-core-7.0.2.jar;C:\Users\84862\.m2\repository\commons-logging\commons-logging\1.3.5\commons-logging-1.3.5.jar;C:\Users\84862\.m2\repository\me\paulschwarz\spring-dotenv\4.0.0\spring-dotenv-4.0.0.jar;C:\Users\84862\.m2\repository\io\github\cdimascio\dotenv-java\3.0.0\dotenv-java-3.0.0.jar
Launcher Type: SUN_STANDARD

[Global flags]
     intx CICompilerCount                          = 4                                         {product} {ergonomic}
     uint ConcGCThreads                            = 2                                         {product} {ergonomic}
     uint G1ConcRefinementThreads                  = 8                                         {product} {ergonomic}
   size_t G1HeapRegionSize                         = 1048576                                   {product} {ergonomic}
   size_t InitialHeapSize                          = 132120576                                 {product} {ergonomic}
   size_t MarkStackSize                            = 4194304                                   {product} {ergonomic}
   size_t MarkStackSizeMax                         = 536870912                                 {product} {ergonomic}
   size_t MaxHeapSize                              = 2105540608                                {product} {ergonomic}
   size_t MaxNewSize                               = 1262485504                                {product} {ergonomic}
   size_t MinHeapDeltaBytes                        = 1048576                                   {product} {ergonomic}
   size_t MinHeapSize                              = 8388608                                   {product} {ergonomic}
    uintx NonNMethodCodeHeapSize                   = 4096                                   {pd product} {ergonomic}
    uintx NonProfiledCodeHeapSize                  = 0                                      {pd product} {ergonomic}
     bool ProfileInterpreter                       = false                                  {pd product} {command line}
    uintx ProfiledCodeHeapSize                     = 0                                      {pd product} {ergonomic}
   size_t SoftMaxHeapSize                          = 2105540608                             {manageable} {ergonomic}
     intx TieredStopAtLevel                        = 1                                         {product} {command line}
     bool UseCompressedOops                        = true                           {product lp64_product} {ergonomic}
     bool UseG1GC                                  = true                                      {product} {ergonomic}
     bool UseLargePagesIndividualAllocation        = false                                  {pd product} {ergonomic}

Logging:
Log output configuration:
 #0: stdout all=warning uptime,level,tags foldmultilines=false
 #1: stderr all=off uptime,level,tags foldmultilines=false

Environment Variables:
JAVA_HOME=E:\jdk-17.0.12
PATH=C:\Program Files\Common Files\Oracle\Java\javapath;C:\Program Files (x86)\Common Files\Oracle\Java\java8path;C:\Program Files (x86)\Common Files\Oracle\Java\javapath;C:\Program Files\Microsoft MPI\Bin\;C:\Windows\system32;C:\Windows;C:\Windows\System32\Wbem;C:\Windows\System32\WindowsPowerShell\v1.0\;C:\Windows\System32\OpenSSH\;C:\Program Files (x86)\NVIDIA Corporation\PhysX\Common;C:\Program Files\NVIDIA Corporation\NVIDIA NvDLISR;C:\WINDOWS\system32;C:\WINDOWS;C:\WINDOWS\System32\Wbem;C:\WINDOWS\System32\WindowsPowerShell\v1.0\;C:\WINDOWS\System32\OpenSSH\;C:\Program Files\dotnet\;C:\mingw64\bin;C:\Program Files\Git\cmd;E:\php;C:\Program Files\Docker\Docker\resources\bin;E:\Vim\vim91;C:\Program Files\MongoDB\Server\8.2\bin;C:\Program Files (x86)\Microsoft SQL Server\170\Tools\Binn\;C:\Program Files\Microsoft SQL Server\170\Tools\Binn\;C:\Program Files\Microsoft SQL Server\Client SDK\ODBC\180\Tools\Binn\;C:\Program Files\Microsoft SQL Server\170\DTS\Binn\;E:\NodeJs\;C:\Program Files\Cloudflare\Cloudflare WARP\;C:\Users\84862\AppData\Local\Programs\Python\Launcher\;C:\msys2\mingw64\bin;C:\msys2\ucrt64;C:\msys64\ucrt64\bin;E:\Microsoft VS Code\bin;E:\PyCharm 2024.2.4\bin;;E:\php\;E:\;C:\Users\84862\AppData\Local\Microsoft\WindowsApps;E:\jdk-22\bin;E:\apache-maven-3.9.11\bin;E:\IntelliJ IDEA 2025.3.1\bin;C:\Users\84862\AppData\Roaming\npm;E:\tesseract-ocr-w64-setup-5.5.0.20241111
USERNAME=84862
OS=Windows_NT
PROCESSOR_IDENTIFIER=Intel64 Family 6 Model 165 Stepping 2, GenuineIntel
TMP=C:\Users\84862\AppData\Local\Temp
TEMP=C:\Users\84862\AppData\Local\Temp




Periodic native trim disabled

---------------  S Y S T E M  ---------------

OS:
 Windows 11 , 64 bit Build 26100 (10.0.26100.8328)
OS uptime: 2 days 2:15 hours
Hyper-V role detected

CPU: total 8 (initial active 8) (4 cores per cpu, 2 threads per core) family 6 model 165 stepping 2 microcode 0xe0, cx8, cmov, fxsr, ht, mmx, 3dnowpref, sse, sse2, sse3, ssse3, sse4.1, sse4.2, popcnt, lzcnt, tsc, tscinvbit, avx, avx2, aes, erms, clmul, bmi1, bmi2, adx, fma, vzeroupper, clflush, clflushopt, hv, rdtscp, f16c
Processor Information for the first 8 processors :
  Max Mhz: 2496, Current Mhz: 2496, Mhz Limit: 2496

Memory: 4k page, system-wide physical 8029M (635M free)
TotalPageFile size 22017M (AvailPageFile size 9M)
current process WorkingSet (physical memory assigned to process): 285M, peak: 394M
current process commit charge ("private bytes"): 437M, peak: 438M

vm_info: OpenJDK 64-Bit Server VM (24.0.2+12-54) for windows-amd64 JRE (24.0.2+12-54), built on 2025-07-08T12:10:27Z with MS VC++ 17.6 (VS2022)

END.
